Fintokei ProTrader                           synth EV=  1584± 84 d= 13.9 EV/mo= 3470±141 P=0.302 Vf= 7053 t1=28.3 | real EV/mo= 3966±231
Hola Prime 2-Step Prime (bi-weekly 80%) USDJ synth EV=  1594± 82 d= 11.8 EV/mo= 4129±151 P=0.329 Vf= 6668 t1=24.1 | real EV/mo= 3769±259
Hola Prime 2-Step Prime (monthly 95%) USDJPY synth EV=  1789± 90 d= 16.4 EV/mo= 3320±104 P=0.331 Vf= 7209 t1=40.1 | real EV/mo= 3237±178
Hola Prime 2-Step Prime (bi-weekly 80%) US10 synth EV=  1750± 85 d= 12.3 EV/mo= 4338±149 P=0.339 Vf= 6937 t1=24.2 | real EV/mo= 4374±225
FundedNext Stellar 2-Step USDJPY             synth EV=  2085± 92 d= 13.8 EV/mo= 4615±136 P=0.330 Vf= 7997 t1=34.9 | real EV/mo= 4020±238
FundedNext Stellar 2-Step XAUUSD             synth EV=  1904± 89 d= 13.4 EV/mo= 4328±139 P=0.322 Vf= 7625 t1=34.9
The5ers High Stakes 25K                      synth EV=   361± 21 d= 13.9 EV/mo=  793± 36 P=0.295 Vf= 1822 t1=28.4 | real EV/mo=  858± 58
The5ers High Stakes 10K                      synth EV=   149±  8 d= 14.0 EV/mo=  324± 14 P=0.296 Vf=  736 t1=28.4 | real EV/mo=  350± 23
The5ers High Stakes 5K                       synth EV=    72±  4 d= 13.9 EV/mo=  158±  7 P=0.296 Vf=  362 t1=28.3 | real EV/mo=  168± 12
The5ers High Stakes 2.5K                     synth EV=    32±  2 d= 13.8 EV/mo=   72±  4 P=0.290 Vf=  177 t1=28.4 | real EV/mo=   85±  6
The5ers High Stakes 100K                     synth EV=  1698± 86 d= 13.8 EV/mo= 3737±142 P=0.298 Vf= 7334 t1=28.5 | real EV/mo= 3910±233
Topstep 50K                                  synth EV=   107± 31 d=  3.4 EV/mo=  957±225 P=0.237 Vf=  808 t1=11.9 | real EV/mo= 1977±309
Apex 50K EOD (90% off: $55 + $99 activation) synth EV=   135± 15 d=  7.5 EV/mo=  548± 48 P=0.369 Vf=  614 t1=12.9 | real EV/mo=  358± 70
Apex 50K EOD (80% off: $110 + $99 activation synth EV=    80± 15 d=  7.5 EV/mo=  325± 54 P=0.369 Vf=  614 t1=12.9 | real EV/mo=  128± 79
FXIFY Two Phase Classic (100%, 30 days)      synth EV=  1943± 97 d= 19.6 EV/mo= 3025± 98 P=0.305 Vf= 8164 t1=42.5 | real EV/mo= 2763±147
FXIFY Two Phase Classic (80%)                synth EV=  1482± 76 d= 16.0 EV/mo= 2811±107 P=0.300 Vf= 6763 t1=27.0 | real EV/mo= 2517±161
FXIFY 2 Phase Pro                            synth EV=  1052± 64 d= 13.8 EV/mo= 2314±118 P=0.297 Vf= 5552 t1=24.5 | real EV/mo= 2473±209
FundingPips 2-Step Flex (85%) v5             synth EV=  2463±112 d= 13.6 EV/mo= 5522±180 P=0.332 Vf= 8931 t1=23.4 | real EV/mo= 5902±268
FundingPips 2-Step Flex (95%) v5             synth EV=  2612±118 d= 18.0 EV/mo= 4422±155 P=0.313 Vf= 9951 t1=30.3 | real EV/mo= 4775±247
FundedNext Stellar 2-Step v5 XAUUSD          synth EV=  1636± 81 d= 14.3 EV/mo= 3490±115 P=0.321 Vf= 6802 t1=34.9
FundedNext Stellar 2-Step v5 US100           synth EV=  1874± 88 d= 15.1 EV/mo= 3781±114 P=0.332 Vf= 7295 t1=35.0 | real EV/mo= 4155±181
GFT 2-Step Standard v5                       synth EV=  1730± 80 d= 14.1 EV/mo= 3725±115 P=0.337 Vf= 6681 t1=24.2 | real EV/mo= 3766±172
FunderPro Classic v5                         synth EV=  1676± 81 d= 10.2 EV/mo= 5020±166 P=0.301 Vf= 7008 t1=22.2 | real EV/mo= 4948±255
BrightFunded 2-Step Classic v5               synth EV=  1510± 81 d= 14.5 EV/mo= 3160±121 P=0.301 Vf= 6953 t1=44.1 | real EV/mo= 3412±188
Blue Guardian 2-Step v5                      synth EV=  1185± 73 d= 12.6 EV/mo= 2858±144 P=0.291 Vf= 6061 t1=28.4 | real EV/mo= 3415±254
Alpha Capital Pro 10%                        synth EV=  1638± 84 d= 11.0 EV/mo= 4514±163 P=0.298 Vf= 7153 t1=24.5 | real EV/mo= 4464±258
Maven 2-Step                                 synth EV=  1049± 63 d= 13.5 EV/mo= 2371±112 P=0.270 Vf= 5525 t1=28.5 | real EV/mo= 2587±179
FTMO 2-Step                                  synth EV=  1644± 86 d= 11.8 EV/mo= 4229±160 P=0.303 Vf= 7509 t1=26.2 | real EV/mo= 4322±245
The5ers High Stakes                          synth EV=  1698± 86 d= 13.8 EV/mo= 3737±142 P=0.298 Vf= 7334 t1=28.5 | real EV/mo= 3910±233
