FTMO 2-Step                        synth EV=  1644± 86 d= 11.8 EV/mo= 4229±160 P=0.303 Vf= 7509 tf=16.4 U=10085 | real EV/mo= 4322±245 P=0.323
FTMO 1-Step                        synth EV=  1590± 83 d= 14.3 EV/mo= 3380±140 P=0.338 Vf= 6425 tf=17.1 U= 8352 | real EV/mo= 3007±217 P=0.326
FundingPips 2-Step Flex (85%)      synth EV=  2472±113 d= 13.6 EV/mo= 5542±181 P=0.332 Vf= 8957 tf=18.5 U=12262 | real EV/mo= 5925±270 P=0.359
The5ers High Stakes Classic        synth EV=  1807± 87 d= 14.3 EV/mo= 3837±137 P=0.326 Vf= 7210 tf=16.3 U=10334 | real EV/mo= 4258±229 P=0.334
FundingPips 2-Step Flex (95%)      synth EV=  2863±124 d= 14.2 EV/mo= 6123±189 P=0.330 Vf=10191 tf=20.6 U=12819 | real EV/mo= 6385±284 P=0.367
FundingPips 2-Step (on-demand 90%) synth EV=  1994± 94 d= 10.7 EV/mo= 5697±216 P=0.339 Vf= 7435 tf=13.2 U=13537 | real EV/mo= 5002±319 P=0.358
FundingPips 2-Step (bi-weekly 80%) synth EV=  1916± 90 d= 11.7 EV/mo= 4996±159 P=0.338 Vf= 7236 tf=16.3 U=10598 | real EV/mo= 5173±236 P=0.367
FundingPips 2-Step (monthly 100%)  synth EV=  2485±110 d= 16.4 EV/mo= 4611±106 P=0.336 Vf= 8982 tf=30.5 U= 7380 | real EV/mo= 4562±167 P=0.369
FundedNext Stellar 2-Step          synth EV=  2170± 95 d= 14.1 EV/mo= 4680±137 P=0.332 Vf= 8192 tf=19.1 U=10423 | real EV/mo= 5038±215 P=0.372
The5ers High Stakes                synth EV=  1698± 86 d= 13.8 EV/mo= 3737±142 P=0.298 Vf= 7334 tf=16.6 U=10456 | real EV/mo= 3910±233 P=0.305
Alpha Capital Pro 10%              synth EV=  1638± 84 d= 11.0 EV/mo= 4514±163 P=0.298 Vf= 7153 tf=16.2 U=10327 | real EV/mo= 4464±258 P=0.317
FXIFY Two-Phase                    synth EV=  1634± 81 d= 10.2 EV/mo= 4894±168 P=0.301 Vf= 7031 tf=15.9 U=10437 | real EV/mo= 4859±258 P=0.315
GFT 2-Step Standard                synth EV=  1524± 78 d= 12.8 EV/mo= 3625±127 P=0.300 Vf= 6834 tf=24.6 U= 6282 | real EV/mo= 3558±186 P=0.330
BrightFunded 2-Step Classic        synth EV=  1590± 83 d= 14.5 EV/mo= 3328±122 P=0.301 Vf= 7222 tf=23.1 U= 6964 | real EV/mo= 3569±190 P=0.322
Blue Guardian 2-Step               synth EV=  1285± 72 d=  9.6 EV/mo= 4071±168 P=0.307 Vf= 5798 tf=12.9 U= 9882 | real EV/mo= 4462±271 P=0.329
FunderPro Classic                  synth EV=  1339± 76 d=  9.7 EV/mo= 4222±175 P=0.245 Vf= 7221 tf=16.2 U=10264 | real EV/mo= 4308±261 P=0.278
Maven 2-Step                       synth EV=  1049± 63 d= 13.5 EV/mo= 2371±112 P=0.270 Vf= 5525 tf=18.0 U= 6570 | real EV/mo= 2587±179 P=0.280
Topstep 50K                        synth EV=   107± 31 d=  3.4 EV/mo=  957±225 P=0.237 Vf=  808 tf= 6.6 U= 2092 | real EV/mo= 1977±309 P=0.239
Lucid Flex 50K                     synth EV=    46± 29 d=  3.7 EV/mo=  373±220 P=0.236 Vf=  811 tf= 7.0 U=  844 | real EV/mo= 1200±339 P=0.240
Tradeify Select 50K                synth EV=    30± 31 d=  3.3 EV/mo=  274±276 P=0.209 Vf=  932 tf= 5.6 U=  784 | real EV/mo=  670±487 P=0.188
Apex 50K EOD                       synth EV=  -264± 16 d=  7.5 EV/mo=-1072± 95 P=0.369 Vf=  614 tf=13.7 U=-1585 | real EV/mo=-1312±143 P=0.367
