A2 US100 3% (single big bet, reference) real 1955 +- 182 days 14.8 EV/mo 4013 pass [0.505, 0.331]
B2 NQ+ES same dir 1.5% each real 1950 +- 181 days 16.7 EV/mo 3559 pass [0.483, 0.31]
A1 US100 1.5% real 2080 +- 189 days 19.2 EV/mo 3295 pass [0.487, 0.315]
C1 NQ+Gold 1.5% each, total 1.5% real 2067 +- 189 days 19.7 EV/mo 3186 pass [0.493, 0.31]
B1 NQ+ES same dir 0.75% each real 1919 +- 175 days 22.8 EV/mo 2564 pass [0.474, 0.302]
C3 NQ+Gold 1.5% each, total 3% real 2245 +- 204 days 17.8 EV/mo 3834 pass [0.494, 0.324]
C4 NQ+Gold+JPY 1.5% each, total 4.5% real 2169 +- 192 days 25.6 EV/mo 2579 pass [0.495, 0.321]
C2 NQ+Gold 0.75% each real 3261 +- 243 days 30.8 EV/mo 3222 pass [0.534, 0.377]
C5 NQ+Gold+JPY+EUR 1.5% each, total 4.5% real 2083 +- 188 days 26.9 EV/mo 2354 pass [0.492, 0.313]
C6 NQ+Gold+JPY+EUR 1% each, total 4% real 1871 +- 170 days 22.0 EV/mo 2592 pass [0.483, 0.324]
A2 US100 3% (single big bet, reference) synth 1650 +- 171 days 12.6 EV/mo 3993 pass [0.46, 0.297]
A1 US100 1.5% synth 1553 +- 164 days 15.1 EV/mo 3139 pass [0.447, 0.285]
B2 NQ+ES same dir 1.5% each synth 1563 +- 166 days 13.3 EV/mo 3570 pass [0.447, 0.283]
C7 NQ+Gold+JPY+EUR 1.5% each, total 6% (capped by daily room) real 1935 +- 181 days 23.1 EV/mo 2550 pass [0.484, 0.31]
C1 NQ+Gold 1.5% each, total 1.5% synth 1541 +- 162 days 15.4 EV/mo 3056 pass [0.451, 0.288]
B1 NQ+ES same dir 0.75% each synth 1121 +- 146 days 15.2 EV/mo 2248 pass [0.427, 0.259]
C3 NQ+Gold 1.5% each, total 3% synth 1224 +- 144 days 13.9 EV/mo 2681 pass [0.441, 0.273]
C4 NQ+Gold+JPY 1.5% each, total 4.5% synth 1198 +- 140 days 15.6 EV/mo 2337 pass [0.435, 0.27]
C2 NQ+Gold 0.75% each synth 795 +- 119 days 17.9 EV/mo 1350 pass [0.397, 0.237]
C5 NQ+Gold+JPY+EUR 1.5% each, total 4.5% synth 1388 +- 158 days 15.5 EV/mo 2727 pass [0.44, 0.274]
C7 NQ+Gold+JPY+EUR 1.5% each, total 6% (capped by daily room) synth 1177 +- 141 days 14.5 EV/mo 2473 pass [0.427, 0.266]
C6 NQ+Gold+JPY+EUR 1% each, total 4% synth 848 +- 124 days 17.7 EV/mo 1455 pass [0.412, 0.239]
