A2 US100 3% (single big bet, reference) real 1955 +- 182 days 14.8 EV/mo 4013 pass [0.505, 0.331]
B2 NQ+ES same dir 1.5% each real 1175 +- 157 days 12.3 EV/mo 2913 pass [0.432, 0.237]
A1 US100 1.5% real 2080 +- 189 days 19.2 EV/mo 3295 pass [0.487, 0.315]
B1 NQ+ES same dir 0.75% each real 1514 +- 165 days 19.2 EV/mo 2396 pass [0.44, 0.263]
C1 NQ+Gold 1.5% each, total 1.5% real 2090 +- 187 days 19.8 EV/mo 3219 pass [0.492, 0.308]
C3 NQ+Gold 1.5% each, total 3% real 2214 +- 208 days 16.3 EV/mo 4122 pass [0.478, 0.3]
C4 NQ+Gold+JPY 1.5% each, total 4.5% real 1346 +- 170 days 18.2 EV/mo 2250 pass [0.441, 0.242]
C5 NQ+Gold+JPY+EUR 1.5% each, total 4.5% real 1304 +- 168 days 17.4 EV/mo 2276 pass [0.447, 0.248]
C2 NQ+Gold 0.75% each real 3230 +- 237 days 29.9 EV/mo 3293 pass [0.516, 0.36]
C6 NQ+Gold+JPY+EUR 1% each, total 4% real 1368 +- 166 days 14.8 EV/mo 2818 pass [0.431, 0.256]
A2 US100 3% (single big bet, reference) synth 1650 +- 171 days 12.6 EV/mo 3993 pass [0.46, 0.297]
A1 US100 1.5% synth 1553 +- 164 days 15.1 EV/mo 3139 pass [0.447, 0.285]
C7 NQ+Gold+JPY+EUR 1.5% each, total 6% (capped by daily room) real 1246 +- 173 days 15.3 EV/mo 2478 pass [0.411, 0.224]
B2 NQ+ES same dir 1.5% each synth 974 +- 147 days 10.8 EV/mo 2744 pass [0.415, 0.223]
B1 NQ+ES same dir 0.75% each synth 745 +- 124 days 12.4 EV/mo 1832 pass [0.4, 0.224]
C1 NQ+Gold 1.5% each, total 1.5% synth 1541 +- 162 days 15.4 EV/mo 3056 pass [0.451, 0.288]
C3 NQ+Gold 1.5% each, total 3% synth 884 +- 135 days 12.1 EV/mo 2218 pass [0.404, 0.222]
C4 NQ+Gold+JPY 1.5% each, total 4.5% synth 597 +- 125 days 10.2 EV/mo 1778 pass [0.383, 0.198]
C5 NQ+Gold+JPY+EUR 1.5% each, total 4.5% synth 696 +- 130 days 10.3 EV/mo 2049 pass [0.372, 0.196]
C2 NQ+Gold 0.75% each synth 597 +- 113 days 16.0 EV/mo 1134 pass [0.375, 0.206]
C6 NQ+Gold+JPY+EUR 1% each, total 4% synth 448 +- 111 days 10.6 EV/mo 1285 pass [0.359, 0.177]
C7 NQ+Gold+JPY+EUR 1.5% each, total 6% (capped by daily room) synth 516 +- 122 days 9.5 EV/mo 1648 pass [0.376, 0.184]
