A2 US100 3% (single big bet, reference) real 1955 +- 182 days 14.8 EV/mo 4013 pass [0.505, 0.331]
B2 NQ+ES same dir 1.5% each real 1950 +- 181 days 16.7 EV/mo 3560 pass [0.483, 0.31]
A1 US100 1.5% real 2064 +- 190 days 19.3 EV/mo 3261 pass [0.485, 0.31]
C1 NQ+Gold 1.5% each, total 1.5% real 2066 +- 189 days 19.6 EV/mo 3214 pass [0.499, 0.312]
B1 NQ+ES same dir 0.75% each real 1810 +- 172 days 21.7 EV/mo 2544 pass [0.471, 0.293]
C3 NQ+Gold 1.5% each, total 3% real 2344 +- 209 days 18.3 EV/mo 3900 pass [0.495, 0.328]
A2 US100 3% (single big bet, reference) synth 1650 +- 171 days 12.6 EV/mo 3993 pass [0.46, 0.297]
A1 US100 1.5% synth 1580 +- 166 days 15.1 EV/mo 3180 pass [0.448, 0.286]
B2 NQ+ES same dir 1.5% each synth 1563 +- 166 days 13.3 EV/mo 3570 pass [0.447, 0.283]
C5 NQ+Gold+JPY+EUR 1.5% each, total 4.5% real 2072 +- 187 days 27.6 EV/mo 2283 pass [0.493, 0.313]
B1 NQ+ES same dir 0.75% each synth 1151 +- 148 days 15.2 EV/mo 2301 pass [0.426, 0.259]
C1 NQ+Gold 1.5% each, total 1.5% synth 1547 +- 161 days 15.4 EV/mo 3067 pass [0.451, 0.288]
C3 NQ+Gold 1.5% each, total 3% synth 1224 +- 144 days 13.9 EV/mo 2681 pass [0.441, 0.273]
T2 two independent NQ-like 1.5% each synth 1554 +- 160 days 14.7 EV/mo 3220 pass [0.462, 0.294]
T4 two NQ-like rho .9 same dir 1.5% each synth 1542 +- 168 days 13.8 EV/mo 3411 pass [0.466, 0.293]
C5 NQ+Gold+JPY+EUR 1.5% each, total 4.5% synth 1388 +- 158 days 15.5 EV/mo 2727 pass [0.44, 0.274]
T6 four independent NQ-like 1.5% each synth 1486 +- 152 days 13.6 EV/mo 3315 pass [0.459, 0.292]
Z1 NQ no cost synth 2287 +- 194 days 16.9 EV/mo 4129 pass [0.489, 0.32]
Z2 two independent no cost synth 2016 +- 181 days 15.4 EV/mo 3987 pass [0.487, 0.322]
Z3 four independent no cost synth 2515 +- 205 days 16.6 EV/mo 4614 pass [0.514, 0.342]
