== FTMO only (4 x 100K) [synth] lives=200 conflicts=0
   mean monthly cash: [-2705.0, 16702.0, 17807.0, 20416.0, 18958.0, 16933.0, 14990.0, 17006.0, 15362.0, 17584.0, 16553.0, 18716.0]
   EV/month (12-mo avg) 15694, months 3-12 avg 17433
   P(ahead) 1/2/3/6/12 m: [0.21, 0.61, 0.79, 0.89, 0.95]
   12m cash p05/p50/p95: [2344.0, 192806.0, 338398.0]
   trough p50/p05: [-12640.0, -53131.0]
   breaches per firm per month: {'FTMO 2-Step': 9.9}
   order tickets per trading day mean 17.9 (p90 29.3); distinct entry times per day 4.6
== FTMO only (4 x 100K) [real] lives=40 conflicts=0
   mean monthly cash: [2724.0, 28311.0, 30699.0, 21778.0, 30989.0, 31953.0, 33205.0, 24883.0, 26942.0, 15513.0, 13003.0, 13103.0]
   EV/month (12-mo avg) 22759, months 3-12 avg 24207
   P(ahead) 1/2/3/6/12 m: [0.25, 0.8, 0.95, 1.0, 1.0]
   12m cash p05/p50/p95: [217504.0, 269778.0, 361008.0]
   trough p50/p05: [-5056.0, -17949.0]
   breaches per firm per month: {'FTMO 2-Step': 6.2}
   order tickets per trading day mean 12.2 (p90 20.3); distinct entry times per day 3.5
== One account per firm (11 firms) [synth] lives=200 conflicts=0
   mean monthly cash: [-6978.0, 41677.0, 49525.0, 52384.0, 52547.0, 47920.0, 44889.0, 52739.0, 47000.0, 47196.0, 48877.0, 48135.0]
   EV/month (12-mo avg) 43826, months 3-12 avg 49121
   P(ahead) 1/2/3/6/12 m: [0.31, 0.7, 0.9, 0.98, 1.0]
   12m cash p05/p50/p95: [307438.0, 531491.0, 729980.0]
   trough p50/p05: [-21869.0, -46966.0]
   breaches per firm per month: {'FTMO 2-Step': 2.4, 'Alpha Capital Pro 10%': 2.6, 'BrightFunded 2-Step Classic': 2.1, 'Blue Guardian 2-Step': 3.0, 'FXIFY Two-Phase': 2.9, 'GFT 2-Step Standard': 2.2, 'FunderPro Classic': 2.9, 'FundedNext Stellar 2-Step': 2.3, 'FundingPips 2-Step Flex (95%)': 2.1, 'Maven 2-Step': 2.2, 'The5ers High Stakes': 2.2}
   order tickets per trading day mean 27.5 (p90 48.7); distinct entry times per day 7.6
== One account per firm (11 firms) [real] lives=40 conflicts=0
   mean monthly cash: [-3909.0, 52927.0, 52631.0, 41470.0, 59152.0, 71807.0, 70651.0, 64661.0, 65544.0, 43302.0, 48442.0, 30909.0]
   EV/month (12-mo avg) 49799, months 3-12 avg 54857
   P(ahead) 1/2/3/6/12 m: [0.35, 0.6, 0.8, 1.0, 1.0]
   12m cash p05/p50/p95: [453420.0, 597406.0, 820621.0]
   trough p50/p05: [-13942.0, -37523.0]
   breaches per firm per month: {'FTMO 2-Step': 1.5, 'Alpha Capital Pro 10%': 1.7, 'BrightFunded 2-Step Classic': 1.5, 'Blue Guardian 2-Step': 2.4, 'FXIFY Two-Phase': 1.9, 'GFT 2-Step Standard': 1.2, 'FunderPro Classic': 1.8, 'FundedNext Stellar 2-Step': 1.7, 'FundingPips 2-Step Flex (95%)': 1.5, 'Maven 2-Step': 1.8, 'The5ers High Stakes': 1.7}
   order tickets per trading day mean 22.1 (p90 42.3); distinct entry times per day 5.2
== Two per firm where copying is allowed (16 accounts) [synth] lives=200 conflicts=0
   mean monthly cash: [-10362.0, 59631.0, 71993.0, 76055.0, 78546.0, 72747.0, 65535.0, 74436.0, 69203.0, 68602.0, 68706.0, 72377.0]
   EV/month (12-mo avg) 63956, months 3-12 avg 71820
   P(ahead) 1/2/3/6/12 m: [0.32, 0.67, 0.89, 0.98, 1.0]
   12m cash p05/p50/p95: [418423.0, 769653.0, 1079828.0]
   trough p50/p05: [-31700.0, -74218.0]
   breaches per firm per month: {'FTMO 2-Step': 4.9, 'Alpha Capital Pro 10%': 5.2, 'BrightFunded 2-Step Classic': 4.2, 'Blue Guardian 2-Step': 6.1, 'FXIFY Two-Phase': 2.9, 'GFT 2-Step Standard': 2.2, 'FunderPro Classic': 2.9, 'FundedNext Stellar 2-Step': 2.3, 'FundingPips 2-Step Flex (95%)': 4.3, 'Maven 2-Step': 2.3, 'The5ers High Stakes': 2.2}
   order tickets per trading day mean 39.7 (p90 72.0); distinct entry times per day 7.6
== Two per firm where copying is allowed (16 accounts) [real] lives=40 conflicts=0
   mean monthly cash: [-4956.0, 78389.0, 83543.0, 56511.0, 82502.0, 100518.0, 104479.0, 97333.0, 95964.0, 62048.0, 65876.0, 40547.0]
   EV/month (12-mo avg) 71896, months 3-12 avg 78932
   P(ahead) 1/2/3/6/12 m: [0.35, 0.65, 0.8, 1.0, 1.0]
   12m cash p05/p50/p95: [676643.0, 822767.0, 1123827.0]
   trough p50/p05: [-20662.0, -57111.0]
   breaches per firm per month: {'FTMO 2-Step': 2.9, 'Alpha Capital Pro 10%': 3.5, 'BrightFunded 2-Step Classic': 3.1, 'Blue Guardian 2-Step': 4.8, 'FXIFY Two-Phase': 1.9, 'GFT 2-Step Standard': 1.2, 'FunderPro Classic': 1.8, 'FundedNext Stellar 2-Step': 1.7, 'FundingPips 2-Step Flex (95%)': 3.0, 'Maven 2-Step': 1.8, 'The5ers High Stakes': 1.8}
   order tickets per trading day mean 32.1 (p90 61.6); distinct entry times per day 5.4
== Full caps, rules-strict (25 accounts) [synth] lives=200 conflicts=0
   mean monthly cash: [-16417.0, 92395.0, 112594.0, 119346.0, 125571.0, 112855.0, 106523.0, 122517.0, 108351.0, 105234.0, 112030.0, 110954.0]
   EV/month (12-mo avg) 100996, months 3-12 avg 113598
   P(ahead) 1/2/3/6/12 m: [0.3, 0.67, 0.84, 0.97, 1.0]
   12m cash p05/p50/p95: [674735.0, 1221337.0, 1762866.0]
   trough p50/p05: [-51869.0, -126074.0]
   breaches per firm per month: {'FTMO 2-Step': 9.7, 'Alpha Capital Pro 10%': 7.9, 'BrightFunded 2-Step Classic': 8.4, 'Blue Guardian 2-Step': 12.0, 'FXIFY Two-Phase': 2.9, 'GFT 2-Step Standard': 2.2, 'FunderPro Classic': 2.9, 'FundedNext Stellar 2-Step': 2.3, 'FundingPips 2-Step Flex (95%)': 8.6, 'Maven 2-Step': 2.3, 'The5ers High Stakes': 2.1}
   order tickets per trading day mean 61.5 (p90 113.9); distinct entry times per day 7.7
== Full caps, rules-strict (25 accounts) [real] lives=40 conflicts=0
   mean monthly cash: [-5702.0, 123758.0, 130925.0, 89445.0, 133912.0, 160685.0, 169139.0, 150634.0, 154253.0, 97335.0, 103432.0, 72042.0]
   EV/month (12-mo avg) 114988, months 3-12 avg 126180
   P(ahead) 1/2/3/6/12 m: [0.38, 0.62, 0.8, 1.0, 1.0]
   12m cash p05/p50/p95: [1069920.0, 1363449.0, 1851888.0]
   trough p50/p05: [-32072.0, -89256.0]
   breaches per firm per month: {'FTMO 2-Step': 5.8, 'Alpha Capital Pro 10%': 5.2, 'BrightFunded 2-Step Classic': 6.0, 'Blue Guardian 2-Step': 9.8, 'FXIFY Two-Phase': 2.0, 'GFT 2-Step Standard': 1.2, 'FunderPro Classic': 1.8, 'FundedNext Stellar 2-Step': 1.7, 'FundingPips 2-Step Flex (95%)': 5.9, 'Maven 2-Step': 1.7, 'The5ers High Stakes': 1.7}
   order tickets per trading day mean 49.2 (p90 96.4); distinct entry times per day 5.5
== Full caps, staged start (25 accounts) [synth] lives=200 conflicts=0
   mean monthly cash: [-5192.0, 18284.0, 41103.0, 55013.0, 104509.0, 109653.0, 105348.0, 120332.0, 109028.0, 106634.0, 109075.0, 114852.0]
   EV/month (12-mo avg) 82386, months 3-12 avg 97555
   P(ahead) 1/2/3/6/12 m: [0.21, 0.61, 0.7, 0.96, 1.0]
   12m cash p05/p50/p95: [500563.0, 989791.0, 1443647.0]
   trough p50/p05: [-21084.0, -91360.0]
   breaches per firm per month: {'FTMO 2-Step': 9.7, 'FundingPips 2-Step Flex (95%)': 7.8, 'The5ers High Stakes': 2.0, 'Alpha Capital Pro 10%': 6.6, 'Blue Guardian 2-Step': 9.2, 'BrightFunded 2-Step Classic': 6.4, 'FundedNext Stellar 2-Step': 1.9, 'FXIFY Two-Phase': 1.9, 'GFT 2-Step Standard': 1.5, 'Maven 2-Step': 1.5, 'FunderPro Classic': 2.2}
   order tickets per trading day mean 53.3 (p90 104.9); distinct entry times per day 7.2
== Full caps, staged start (25 accounts) [real] lives=40 conflicts=0
   mean monthly cash: [237.0, 25987.0, 59201.0, 57046.0, 122848.0, 154473.0, 168971.0, 148947.0, 134566.0, 106044.0, 105018.0, 72923.0]
   EV/month (12-mo avg) 96355, months 3-12 avg 113004
   P(ahead) 1/2/3/6/12 m: [0.25, 0.78, 0.85, 1.0, 1.0]
   12m cash p05/p50/p95: [921696.0, 1178131.0, 1357331.0]
   trough p50/p05: [-10050.0, -30781.0]
   breaches per firm per month: {'FTMO 2-Step': 6.0, 'FundingPips 2-Step Flex (95%)': 5.5, 'The5ers High Stakes': 1.5, 'Alpha Capital Pro 10%': 4.4, 'FundedNext Stellar 2-Step': 1.5, 'BrightFunded 2-Step Classic': 4.5, 'Blue Guardian 2-Step': 7.2, 'FunderPro Classic': 1.3, 'FXIFY Two-Phase': 1.2, 'GFT 2-Step Standard': 0.8, 'Maven 2-Step': 1.0}
   order tickets per trading day mean 42.8 (p90 88.3); distinct entry times per day 5.2
