FTMO 2-Step                US100        m=0.5  k=3 L= 1500 hrs/trade=   4.3 EV=   1200± 210 days=    15 EV/mo=  2506 Pf=0.28 1st pay(med d)=25.541666666666668
FTMO 2-Step                US100        m=0.75 k=3 L= 1500 hrs/trade=   7.0 EV=   1355± 223 days=    18 EV/mo=  2351 Pf=0.28 1st pay(med d)=26.458333333333332
FTMO 2-Step                US100        m=0.75 k=2 L= 1500 hrs/trade=   5.5 EV=   1360± 262 days=    19 EV/mo=  2225 Pf=0.27 1st pay(med d)=27.277411370286405
FTMO 2-Step                US100        m=0.5  k=2 L= 1500 hrs/trade=   3.6 EV=    948± 212 days=    14 EV/mo=  2126 Pf=0.24 1st pay(med d)=25.92207584909356
FTMO 2-Step                US100        m=1    k=3 L= 1500 hrs/trade=  10.2 EV=   1402± 224 days=    20 EV/mo=  2122 Pf=0.29 1st pay(med d)=27.362037037037037
FTMO 2-Step                XAUUSD       m=1    k=3 L= 1500 hrs/trade=   9.6 EV=   1280± 215 days=    19 EV/mo=  2071 Pf=0.28 1st pay(med d)=27.16111111111111
FTMO 2-Step                US100        m=1    k=2 L= 1500 hrs/trade=   7.8 EV=   1469± 259 days=    22 EV/mo=  2029 Pf=0.27 1st pay(med d)=28.597222222222225
FTMO 2-Step                US100        m=0.5  k=3 L= 1500 hrs/trade=   4.3 EV=   1382± 199 days=    21 EV/mo=  1994 Pf=0.27 1st pay(med d)=25.541666666666668
FTMO 2-Step                XAUUSD       m=0.75 k=3 L= 1500 hrs/trade=   6.6 EV=   1012± 200 days=    16 EV/mo=  1898 Pf=0.26 1st pay(med d)=26.403853907690376
FTMO 2-Step                US100        m=0.75 k=3 L= 1500 hrs/trade=   7.0 EV=   1526± 211 days=    25 EV/mo=  1892 Pf=0.28 1st pay(med d)=26.399025201204754
FTMO 2-Step                USDJPY       m=0.75 k=3 L= 1500 hrs/trade=   7.9 EV=   1113± 216 days=    19 EV/mo=  1814 Pf=0.27 1st pay(med d)=27.532407407407405
FTMO 2-Step                US100        m=1    k=3 L= 1500 hrs/trade=  10.2 EV=   1575± 214 days=    27 EV/mo=  1761 Pf=0.28 1st pay(med d)=27.444444444444443
FTMO 2-Step                US100        m=0.5  k=3 L= 1000 hrs/trade=   4.3 EV=   1027± 204 days=    18 EV/mo=  1756 Pf=0.25 1st pay(med d)=27.904166666666665
FTMO 2-Step                US100        m=0.5  k=2 L= 1500 hrs/trade=   3.6 EV=   1095± 195 days=    19 EV/mo=  1719 Pf=0.24 1st pay(med d)=25.791666666666668
FTMO 2-Step                US100        m=0.75 k=2 L= 1500 hrs/trade=   5.5 EV=   1375± 217 days=    25 EV/mo=  1694 Pf=0.27 1st pay(med d)=27.270833333333332
FTMO 2-Step                XAUUSD       m=0.75 k=3 L= 1500 hrs/trade=   6.6 EV=   1241± 192 days=    22 EV/mo=  1693 Pf=0.27 1st pay(med d)=26.458333333333332
FTMO 2-Step                XAUUSD       m=1    k=2 L= 1500 hrs/trade=   7.4 EV=   1085± 227 days=    20 EV/mo=  1688 Pf=0.25 1st pay(med d)=28.555555555555554
FTMO 2-Step                XAUUSD       m=0.5  k=3 L= 1500 hrs/trade=   4.4 EV=    690± 172 days=    13 EV/mo=  1667 Pf=0.24 1st pay(med d)=25.736111111111114
FTMO 2-Step                USDJPY       m=0.5  k=3 L= 1500 hrs/trade=   4.6 EV=    679± 167 days=    12 EV/mo=  1659 Pf=0.23 1st pay(med d)=25.532407407407405
FTMO 2-Step                XAUUSD       m=1    k=3 L= 1500 hrs/trade=   9.6 EV=   1327± 196 days=    25 EV/mo=  1640 Pf=0.27 1st pay(med d)=27.03240740740741
FTMO 2-Step                US100        m=1    k=2 L= 1500 hrs/trade=   7.8 EV=   1512± 221 days=    28 EV/mo=  1615 Pf=0.28 1st pay(med d)=29.0
FTMO 2-Step                USDJPY       m=1    k=3 L= 1500 hrs/trade=  11.3 EV=   1252± 219 days=    24 EV/mo=  1581 Pf=0.28 1st pay(med d)=29.92064266556409
FTMO 2-Step                XAUUSD       m=0.75 k=2 L= 1500 hrs/trade=   5.3 EV=    798± 195 days=    16 EV/mo=  1558 Pf=0.23 1st pay(med d)=26.868055555555557
FTMO 2-Step                US100        m=0.5  k=3 L= 1000 hrs/trade=   4.3 EV=   1154± 193 days=    23 EV/mo=  1523 Pf=0.25 1st pay(med d)=27.59991685200302
FTMO 2-Step                XAUUSD       m=0.5  k=3 L= 1500 hrs/trade=   4.4 EV=    874± 164 days=    17 EV/mo=  1521 Pf=0.23 1st pay(med d)=25.76189784678991
