HyroTrader 2-Step (crypto) BTC_Hyro     m=4    k=2 L= 3000 hrs/trade=  52.2 EV=    571± 153 days=    36 EV/mo=   479 Pf=0.25 1st pay(med d)=27.549999999999997
HyroTrader 2-Step (crypto) BTC_Hyro     m=3    k=2 L= 3000 hrs/trade=  31.0 EV=    347± 133 days=    23 EV/mo=   450 Pf=0.23 1st pay(med d)=22.194444444444446
HyroTrader 2-Step (crypto) BTC_Hyro     m=6    k=2 L= 3000 hrs/trade= 106.6 EV=    698± 169 days=    64 EV/mo=   332 Pf=0.25 1st pay(med d)=38.93842805195907
HyroTrader 2-Step (crypto) BTC_Hyro     m=4    k=1 L= 3000 hrs/trade=  28.6 EV=    338± 133 days=    33 EV/mo=   309 Pf=0.22 1st pay(med d)=26.541666666666668
HyroTrader 2-Step (crypto) BTC_Hyro     m=6    k=1 L= 3000 hrs/trade=  57.2 EV=    633± 157 days=    64 EV/mo=   300 Pf=0.23 1st pay(med d)=42.26388888888889
HyroTrader 2-Step (crypto) BTC_Hyro     m=3    k=1 L= 3000 hrs/trade=  18.9 EV=    131± 110 days=    23 EV/mo=   172 Pf=0.19 1st pay(med d)=22.055555555555557
HyroTrader 2-Step (crypto) BTC_Hyro     m=2    k=2 L= 3000 hrs/trade=  16.2 EV=     83± 100 days=    15 EV/mo=   170 Pf=0.20 1st pay(med d)=20.0625
HyroTrader 2-Step (crypto) BTC_Hyro     m=4    k=2 L= 1500 hrs/trade=  52.2 EV=    438± 148 days=    80 EV/mo=   166 Pf=0.20 1st pay(med d)=61.65694444444444
HyroTrader 2-Step (crypto) BTC_Hyro     m=3    k=2 L= 1500 hrs/trade=  31.0 EV=    243± 129 days=    46 EV/mo=   161 Pf=0.19 1st pay(med d)=39.73611111111111
HyroTrader 2-Step (crypto) BTC_Hyro     m=6    k=2 L= 1500 hrs/trade= 106.6 EV=    700± 174 days=   156 EV/mo=   136 Pf=0.23 1st pay(med d)=104.56250000000001
HyroTrader 2-Step (crypto) BTC_Hyro     m=6    k=1 L= 1500 hrs/trade=  57.2 EV=    153± 113 days=   158 EV/mo=    29 Pf=0.18 1st pay(med d)=127.8611111111111
HyroTrader 2-Step (crypto) BTC_Hyro     m=4    k=1 L= 1500 hrs/trade=  28.6 EV=    -74±  92 days=    74 EV/mo=   -30 Pf=0.13 1st pay(med d)=60.75
Breakout 2-Step (crypto)   BTC_Breakout m=6    k=2 L= 1500 hrs/trade= 106.6 EV=   -250±  90 days=    75 EV/mo=  -102 Pf=0.11 1st pay(med d)=77.85416666666667
HyroTrader 2-Step (crypto) BTC_Hyro     m=2    k=2 L= 1500 hrs/trade=  16.2 EV=    -95±  90 days=    25 EV/mo=  -116 Pf=0.14 1st pay(med d)=25.604166666666668
Breakout 2-Step (crypto)   BTC_Breakout m=6    k=1 L= 3000 hrs/trade=  57.2 EV=   -167±  92 days=    37 EV/mo=  -136 Pf=0.14 1st pay(med d)=30.01805555555556
Breakout 2-Step (crypto)   BTC_Breakout m=6    k=1 L= 1500 hrs/trade=  57.2 EV=   -372±  74 days=    77 EV/mo=  -146 Pf=0.09 1st pay(med d)=98.40277777777779
HyroTrader 2-Step (crypto) BTC_Hyro     m=3    k=1 L= 1500 hrs/trade=  18.9 EV=   -252±  73 days=    46 EV/mo=  -167 Pf=0.11 1st pay(med d)=44.41944444444445
Breakout 2-Step (crypto)   BTC_Breakout m=6    k=2 L= 3000 hrs/trade= 106.6 EV=   -232±  84 days=    36 EV/mo=  -198 Pf=0.14 1st pay(med d)=25.315972222222218
Breakout 2-Step (crypto)   BTC_Breakout m=4    k=2 L= 1500 hrs/trade=  52.2 EV=   -274±  85 days=    40 EV/mo=  -211 Pf=0.12 1st pay(med d)=42.97916666666666
Breakout 2-Step (crypto)   BTC_Breakout m=4    k=2 L= 3000 hrs/trade=  52.2 EV=   -194±  85 days=    20 EV/mo=  -292 Pf=0.15 1st pay(med d)=16.666666666666668
Breakout 2-Step (crypto)   BTC_Breakout m=4    k=1 L= 1500 hrs/trade=  28.6 EV=   -453±  64 days=    38 EV/mo=  -367 Pf=0.08 1st pay(med d)=50.23055555555556
Breakout 2-Step (crypto)   BTC_Breakout m=3    k=2 L= 1500 hrs/trade=  31.0 EV=   -297±  84 days=    23 EV/mo=  -385 Pf=0.11 1st pay(med d)=27.424999999999997
Breakout 2-Step (crypto)   BTC_Breakout m=4    k=1 L= 3000 hrs/trade=  28.6 EV=   -257±  83 days=    20 EV/mo=  -395 Pf=0.13 1st pay(med d)=19.008333333333333
HyroTrader 2-Step (crypto) BTC_Hyro     m=2    k=1 L= 3000 hrs/trade=  10.5 EV=   -205±  76 days=    13 EV/mo=  -482 Pf=0.12 1st pay(med d)=19.238688083867412
HyroTrader 2-Step (crypto) BTC_Hyro     m=1.5  k=2 L= 3000 hrs/trade=  11.2 EV=   -199±  69 days=    11 EV/mo=  -565 Pf=0.15 1st pay(med d)=18.791666666666668
