The5ers High Stakes        US100        m=0.75 k=3 L= 1500 hrs/trade=   7.0 EV=   1869± 203 days=    18 EV/mo=  3183 Pf=0.33 1st pay(med d)=23.412275167163205
FundingPips 2-Step (bi-wee US100        m=0.75 k=3 L= 1500 hrs/trade=   7.0 EV=   1743± 201 days=    18 EV/mo=  2967 Pf=0.33 1st pay(med d)=23.412275167163205
FTMO 1-Step                US100        m=0.75 k=3 L= 1500 hrs/trade=   7.0 EV=   1755± 208 days=    19 EV/mo=  2859 Pf=0.34 1st pay(med d)=23.006113003880056
FundedNext Stellar 2-Step  US100        m=0.75 k=3 L= 1500 hrs/trade=   7.0 EV=   1866± 203 days=    21 EV/mo=  2676 Pf=0.33 1st pay(med d)=33.8287037037037
The5ers High Stakes        XAUUSD       m=1    k=3 L= 1500 hrs/trade=   9.6 EV=   1576± 186 days=    18 EV/mo=  2605 Pf=0.31 1st pay(med d)=23.962962962962965
The5ers High Stakes        US100        m=1    k=2 L= 1500 hrs/trade=   7.8 EV=   1798± 216 days=    22 EV/mo=  2523 Pf=0.32 1st pay(med d)=25.423611111111114
FundingPips 2-Step (weekly US100        m=0.75 k=3 L= 1500 hrs/trade=   7.0 EV=   1171± 151 days=    14 EV/mo=  2503 Pf=0.33 1st pay(med d)=16.35669794559001
FTMO 1-Step                XAUUSD       m=1    k=3 L= 1500 hrs/trade=   9.6 EV=   1517± 186 days=    19 EV/mo=  2477 Pf=0.32 1st pay(med d)=23.67390223313275
FTMO 1-Step                US100        m=0.75 k=3 L= 1500 hrs/trade=   7.0 EV=   2275± 206 days=    28 EV/mo=  2468 Pf=0.35 1st pay(med d)=22.926659248330825
FTMO 2-Step                US100        m=0.75 k=3 L= 1500 hrs/trade=   7.0 EV=   1429± 186 days=    18 EV/mo=  2444 Pf=0.28 1st pay(med d)=26.583333333333332
FundingPips 2-Step (bi-wee XAUUSD       m=1    k=3 L= 1500 hrs/trade=   9.6 EV=   1453± 184 days=    18 EV/mo=  2402 Pf=0.31 1st pay(med d)=23.962962962962965
FundingPips 2-Step (bi-wee US100        m=1    k=2 L= 1500 hrs/trade=   7.8 EV=   1677± 215 days=    22 EV/mo=  2352 Pf=0.32 1st pay(med d)=25.423611111111114
FTMO 1-Step                US100        m=1    k=2 L= 1500 hrs/trade=   7.8 EV=   1553± 195 days=    21 EV/mo=  2261 Pf=0.32 1st pay(med d)=24.907527221475082
The5ers High Stakes        US100        m=0.75 k=3 L= 1500 hrs/trade=   7.0 EV=   1894± 175 days=    26 EV/mo=  2244 Pf=0.33 1st pay(med d)=23.403352728293154
FundedNext Stellar 2-Step  XAUUSD       m=1    k=3 L= 1500 hrs/trade=   9.6 EV=   1572± 186 days=    22 EV/mo=  2219 Pf=0.31 1st pay(med d)=34.26388888888889
FundedNext Stellar 2-Step  US100        m=1    k=2 L= 1500 hrs/trade=   7.8 EV=   1797± 216 days=    25 EV/mo=  2210 Pf=0.32 1st pay(med d)=35.041666666666664
FundingPips 2-Step (bi-wee US100        m=0.75 k=3 L= 1500 hrs/trade=   7.0 EV=   1814± 174 days=    26 EV/mo=  2149 Pf=0.33 1st pay(med d)=23.403352728293154
FundingPips 2-Step (weekly US100        m=0.75 k=3 L= 1500 hrs/trade=   7.0 EV=   1248± 130 days=    18 EV/mo=  2146 Pf=0.33 1st pay(med d)=16.375
FTMO 2-Step                XAUUSD       m=1    k=3 L= 1500 hrs/trade=   9.6 EV=   1313± 179 days=    19 EV/mo=  2123 Pf=0.28 1st pay(med d)=27.15740740740741
FundingPips 2-Step (weekly XAUUSD       m=1    k=3 L= 1500 hrs/trade=   9.6 EV=   1013± 142 days=    15 EV/mo=  2013 Pf=0.32 1st pay(med d)=17.073148148148146
FTMO 2-Step                US100        m=1    k=2 L= 1500 hrs/trade=   7.8 EV=   1430± 201 days=    22 EV/mo=  1993 Pf=0.27 1st pay(med d)=28.612014195440008
FundedNext Stellar 2-Step  US100        m=0.75 k=3 L= 1500 hrs/trade=   7.0 EV=   1890± 175 days=    29 EV/mo=  1978 Pf=0.33 1st pay(med d)=33.833333333333336
FundingPips 2-Step (weekly US100        m=1    k=2 L= 1500 hrs/trade=   7.8 EV=   1175± 162 days=    18 EV/mo=  1963 Pf=0.32 1st pay(med d)=18.541666666666668
FTMO 2-Step                US100        m=0.75 k=3 L= 1500 hrs/trade=   7.0 EV=   1538± 170 days=    25 EV/mo=  1897 Pf=0.28 1st pay(med d)=26.5
The5ers High Stakes        EURUSD       m=1    k=3 L= 1500 hrs/trade=  11.1 EV=   1191± 165 days=    20 EV/mo=  1819 Pf=0.28 1st pay(med d)=24.999999999999996
