Apex 50K EOD               MNQ_fut      m=1    k=2 L=  500 hrs/trade=   7.8 EV=    148±  50 days=    10 EV/mo=   462 Pf=0.31 1st pay(med d)=13.427880978578601
Apex 50K EOD               MNQ_fut      m=1    k=1 L=  500 hrs/trade=   5.5 EV=    138±  33 days=    10 EV/mo=   439 Pf=0.29 1st pay(med d)=13.268122663962634
Topstep 50K                MNQ_fut      m=1    k=2 L=  500 hrs/trade=   7.8 EV=     76±  41 days=     7 EV/mo=   349 Pf=0.23 1st pay(med d)=11.773435818452283
Apex 50K EOD               MNQ_fut      m=1.5  k=1 L=  500 hrs/trade=   8.5 EV=    141±  33 days=    13 EV/mo=   343 Pf=0.28 1st pay(med d)=16.246785566618673
Apex 50K EOD               MNQ_fut      m=1.5  k=2 L=  500 hrs/trade=  14.4 EV=    150±  53 days=    14 EV/mo=   318 Pf=0.29 1st pay(med d)=18.298007614674443
Apex 50K EOD               MNQ_fut      m=2    k=1 L=  500 hrs/trade=  13.0 EV=    152±  35 days=    17 EV/mo=   272 Pf=0.27 1st pay(med d)=19.244514721337133
Topstep 50K                MNQ_fut      m=1    k=1 L=  500 hrs/trade=   5.5 EV=     58±  28 days=     7 EV/mo=   251 Pf=0.23 1st pay(med d)=12.485228251868039
Topstep 50K                MNQ_fut      m=1.5  k=2 L=  500 hrs/trade=  14.4 EV=     86±  39 days=    11 EV/mo=   240 Pf=0.23 1st pay(med d)=16.23247060929045
Apex 50K EOD               MNQ_fut      m=1    k=2 L=  250 hrs/trade=   7.8 EV=    134±  31 days=    17 EV/mo=   238 Pf=0.26 1st pay(med d)=22.69046941661723
Topstep 50K                MNQ_fut      m=1.5  k=1 L=  500 hrs/trade=   8.5 EV=     68±  30 days=    10 EV/mo=   205 Pf=0.23 1st pay(med d)=15.282951783331898
Apex 50K EOD               MNQ_fut      m=2    k=2 L=  500 hrs/trade=  22.2 EV=    125±  46 days=    19 EV/mo=   196 Pf=0.29 1st pay(med d)=23.81393547715564
Apex 50K EOD               MNQ_fut      m=1    k=1 L=  250 hrs/trade=   5.5 EV=    117±  30 days=    20 EV/mo=   182 Pf=0.23 1st pay(med d)=26.900162781124447
Topstep 50K                MNQ_fut      m=2    k=2 L=  500 hrs/trade=  22.2 EV=     81±  37 days=    15 EV/mo=   161 Pf=0.23 1st pay(med d)=20.199916949589475
Apex 50K EOD               MNQ_fut      m=1.5  k=2 L=  250 hrs/trade=  14.4 EV=    130±  30 days=    27 EV/mo=   145 Pf=0.26 1st pay(med d)=33.75768750860866
Apex 50K EOD               MNQ_fut      m=1.5  k=1 L=  250 hrs/trade=   8.5 EV=    126±  29 days=    28 EV/mo=   138 Pf=0.24 1st pay(med d)=37.20640501339466
Apex 50K EOD               MNQ_fut      m=3    k=1 L=  500 hrs/trade=  24.9 EV=    135±  33 days=    31 EV/mo=   131 Pf=0.26 1st pay(med d)=33.63797521677485
Topstep 50K                MNQ_fut      m=2    k=1 L=  500 hrs/trade=  13.0 EV=     58±  24 days=    15 EV/mo=   118 Pf=0.26 1st pay(med d)=19.446043055472327
Apex 50K EOD               MNQ_fut      m=3    k=2 L=  500 hrs/trade=  44.7 EV=    142±  51 days=    38 EV/mo=   112 Pf=0.29 1st pay(med d)=41.67127785431566
Apex 50K EOD               MNQ_fut      m=2    k=2 L=  250 hrs/trade=  22.2 EV=    140±  33 days=    39 EV/mo=   111 Pf=0.26 1st pay(med d)=49.028647550889055
Apex 50K EOD               MNQ_fut      m=2    k=1 L=  250 hrs/trade=  13.0 EV=    127±  30 days=    40 EV/mo=    97 Pf=0.24 1st pay(med d)=52.23438878835563
Topstep 50K                MNQ_fut      m=3    k=2 L=  500 hrs/trade=  44.7 EV=     98±  43 days=    33 EV/mo=    90 Pf=0.24 1st pay(med d)=38.225492011168086
Topstep 50K                MNQ_fut      m=1    k=2 L=  250 hrs/trade=   7.8 EV=     43±  24 days=    15 EV/mo=    87 Pf=0.25 1st pay(med d)=21.064501951738514
Apex 50K EOD               MNQ_fut      m=4    k=1 L=  500 hrs/trade=  41.1 EV=    143±  34 days=    52 EV/mo=    84 Pf=0.25 1st pay(med d)=50.6485839618039
Apex 50K EOD               MNQ_fut      m=4    k=2 L=  500 hrs/trade=  75.6 EV=    127±  46 days=    55 EV/mo=    70 Pf=0.28 1st pay(med d)=61.041666666666664
Topstep 50K                MNQ_fut      m=3    k=1 L=  500 hrs/trade=  24.9 EV=     57±  27 days=    29 EV/mo=    60 Pf=0.26 1st pay(med d)=31.019202586773485
