base         synth FTMO 2-Step   100000 EV=  1548 d= 11.6 EV/mo=  4044±344 P=0.301
base         real  FTMO 2-Step   100000 EV=  2122 d= 15.5 EV/mo=  4178±299 P=0.327
L1000        synth FTMO 2-Step   100000 EV=  1432 d= 14.3 EV/mo=  3054±264 P=0.285
L2000        synth FTMO 2-Step   100000 EV=  1612 d= 10.9 EV/mo=  4500±376 P=0.295
L3000        synth FTMO 2-Step   100000 EV=  1637 d= 10.0 EV/mo=  4986±404 P=0.310
m0.5         synth FTMO 2-Step   100000 EV=  1469 d= 10.5 EV/mo=  4257±372 P=0.296
m1.0         synth FTMO 2-Step   100000 EV=  1700 d= 13.7 EV/mo=  3765±302 P=0.310
m1.5         synth FTMO 2-Step   100000 EV=  1897 d= 20.0 EV/mo=  2887±217 P=0.318
m3.0         synth FTMO 2-Step   100000 EV=  1734 d= 53.7 EV/mo=   983± 72 P=0.318
k1           synth FTMO 2-Step   100000 EV=   699 d= 11.5 EV/mo=  1849±256 P=0.236
k2           synth FTMO 2-Step   100000 EV=  1148 d= 11.5 EV/mo=  3050±306 P=0.274
k3           synth FTMO 2-Step   100000 EV=  1413 d= 11.6 EV/mo=  3711±331 P=0.287
k4           synth FTMO 2-Step   100000 EV=  1480 d= 11.6 EV/mo=  3876±342 P=0.295
k6           synth FTMO 2-Step   100000 EV=  1728 d= 12.0 EV/mo=  4369±349 P=0.311
k8           synth FTMO 2-Step   100000 EV=  1836 d= 12.3 EV/mo=  4561±355 P=0.311
k10          synth FTMO 2-Step   100000 EV=  1675 d= 12.1 EV/mo=  4217±336 P=0.314
k3           real  FTMO 2-Step   100000 EV=  1823 d= 15.4 EV/mo=  3611±278 P=0.311
k4           real  FTMO 2-Step   100000 EV=  2149 d= 15.8 EV/mo=  4147±289 P=0.329
k6           real  FTMO 2-Step   100000 EV=  1879 d= 14.7 EV/mo=  3879±293 P=0.316
k8           real  FTMO 2-Step   100000 EV=  1973 d= 15.0 EV/mo=  3994±301 P=0.328
X1000_10000  synth FTMO 2-Step   100000 EV=  1700 d= 15.1 EV/mo=  3424±271 P=0.299
X3000_10000  synth FTMO 2-Step   100000 EV=  1772 d= 14.2 EV/mo=  3789±282 P=0.307
X5000_10000  synth FTMO 2-Step   100000 EV=  1591 d= 12.9 EV/mo=  3759±298 P=0.295
X10000_20000 synth FTMO 2-Step   100000 EV=  1569 d= 11.0 EV/mo=  4345±398 P=0.293
size50000    synth FTMO 2-Step    50000 EV=   721 d= 11.8 EV/mo=  1853±172 P=0.306
size200000   synth FTMO 2-Step   200000 EV=  3235 d= 11.6 EV/mo=  8478±708 P=0.303
1step100     synth FTMO 1-Step   100000 EV=  1513 d= 14.1 EV/mo=  3259±271 P=0.330
1step200     synth FTMO 1-Step   200000 EV=  3094 d= 13.8 EV/mo=  6807±554 P=0.324
