Apex 50K EOD                         50000 synth m=1.5 k=3 L=200 X1=0 X=0 EV=   -249±  39 days= 23.2 EV/mo=  -327 P=0.283 Vf=   850 tf= 29.0 slotU=  -926 t1= 36.1
Apex 50K EOD                         50000 synth m=1.5 k=2 L=200 X1=0 X=0 EV=   -320±  32 days= 23.5 EV/mo=  -413 P=0.272 Vf=   627 tf= 28.5 slotU= -1255 t1= 40.0
Apex 50K EOD                         50000 synth m=1.5 k=1 L=200 X1=0 X=0 EV=   -361±  25 days= 25.6 EV/mo=  -429 P=0.232 Vf=   556 tf= 31.9 slotU= -1485 t1= 45.8
Apex 50K EOD                         50000 synth m=1.5 k=3 L=350 X1=0 X=0 EV=   -222±  46 days= 14.3 EV/mo=  -471 P=0.311 Vf=   862 tf= 21.4 slotU= -1014 t1= 18.0
Apex 50K EOD                         50000 synth m=1.5 k=2 L=350 X1=0 X=0 EV=   -281±  36 days= 13.5 EV/mo=  -633 P=0.307 Vf=   680 tf= 18.3 slotU= -1523 t1= 20.9
Apex 50K EOD                         50000 synth m=1.5 k=1 L=350 X1=0 X=0 EV=   -324±  27 days= 15.5 EV/mo=  -634 P=0.276 Vf=   602 tf= 24.3 slotU= -1465 t1= 27.3
Apex 50K EOD                         50000 synth m=1.5 k=1 L=500 X1=0 X=0 EV=   -275±  33 days= 12.4 EV/mo=  -677 P=0.311 Vf=   692 tf= 19.7 slotU= -1360 t1= 21.6
Apex 50K EOD                         50000 synth m=1.5 k=2 L=500 X1=0 X=0 EV=   -253±  41 days= 11.2 EV/mo=  -690 P=0.318 Vf=   745 tf= 16.6 slotU= -1460 t1= 15.1
Apex 50K EOD                         50000 synth m=0.75 k=3 L=200 X1=0 X=0 EV=   -286±  36 days= 12.4 EV/mo=  -702 P=0.281 Vf=   726 tf= 19.0 slotU= -1630 t1= 22.3
Apex 50K EOD                         50000 synth m=0.75 k=1 L=200 X1=0 X=0 EV=   -360±  25 days= 15.3 EV/mo=  -714 P=0.239 Vf=   545 tf= 22.3 slotU= -2053 t1= 32.0
Apex 50K EOD                         50000 synth m=0.75 k=2 L=200 X1=0 X=0 EV=   -319±  30 days= 13.0 EV/mo=  -747 P=0.254 Vf=   675 tf= 20.5 slotU= -1868 t1= 24.1
Apex 50K EOD                         50000 synth m=1.5 k=3 L=500 X1=0 X=0 EV=   -283±  41 days= 11.2 EV/mo=  -765 P=0.309 Vf=   671 tf= 18.0 slotU= -1547 t1= 15.8
Apex 50K EOD                         50000 synth m=0.75 k=1 L=500 X1=0 X=0 EV=   -261±  34 days=  9.8 EV/mo=  -815 P=0.332 Vf=   690 tf= 18.0 slotU= -1330 t1= 17.2
Apex 50K EOD                         50000 synth m=0.75 k=2 L=350 X1=0 X=0 EV=   -266±  36 days=  9.7 EV/mo=  -837 P=0.325 Vf=   687 tf= 16.7 slotU= -1495 t1= 15.9
Apex 50K EOD                         50000 synth m=0.75 k=1 L=350 X1=0 X=0 EV=   -316±  29 days= 11.3 EV/mo=  -851 P=0.281 Vf=   620 tf= 22.0 slotU= -1561 t1= 24.1
Apex 50K EOD                         50000 synth m=0.75 k=3 L=350 X1=0 X=0 EV=   -257±  44 days=  8.4 EV/mo=  -929 P=0.311 Vf=   748 tf= 14.3 slotU= -1757 t1= 13.6
Apex 50K EOD                         50000 synth m=0.75 k=3 L=500 X1=0 X=0 EV=   -290±  37 days=  8.0 EV/mo= -1105 P=0.347 Vf=   577 tf= 13.8 slotU= -1839 t1= 12.9
Apex 50K EOD                         50000 synth m=0.75 k=2 L=500 X1=0 X=0 EV=   -302±  34 days=  7.5 EV/mo= -1219 P=0.331 Vf=   570 tf= 13.0 slotU= -2138 t1= 12.7
Lucid Flex 50K                       50000 synth m=0.75 k=3 L=500 X1=0 X=0 EV=     59±  52 days=  3.8 EV/mo=   475 P=0.247 Vf=   829 tf=  6.0 slotU=  1205 t1= 11.3
Lucid Flex 50K                       50000 synth m=1.5 k=3 L=500 X1=0 X=0 EV=     44±  60 days=  7.2 EV/mo=   184 P=0.189 Vf=  1002 tf= 11.1 slotU=   633 t1= 15.0
Lucid Flex 50K                       50000 synth m=0.75 k=2 L=500 X1=0 X=0 EV=     20±  35 days=  3.7 EV/mo=   166 P=0.242 Vf=   688 tf=  5.5 slotU=   464 t1= 11.6
Lucid Flex 50K                       50000 synth m=0.75 k=1 L=350 X1=0 X=0 EV=     27±  25 days=  6.1 EV/mo=   134 P=0.232 Vf=   746 tf=  9.3 slotU=   382 t1= 12.9
Lucid Flex 50K                       50000 synth m=0.75 k=2 L=200 X1=0 X=0 EV=     27±  23 days=  9.7 EV/mo=    86 P=0.233 Vf=   745 tf= 12.7 slotU=   281 t1= 16.3
Lucid Flex 50K                       50000 synth m=1.5 k=2 L=200 X1=0 X=0 EV=     56±  26 days= 20.9 EV/mo=    82 P=0.249 Vf=   814 tf= 21.1 slotU=   327 t1= 26.6
Lucid Flex 50K                       50000 synth m=0.75 k=1 L=200 X1=0 X=0 EV=     33±  22 days= 13.0 EV/mo=    76 P=0.215 Vf=   832 tf= 20.1 slotU=   230 t1= 19.5
Lucid Flex 50K                       50000 synth m=1.5 k=3 L=200 X1=0 X=0 EV=     44±  27 days= 19.5 EV/mo=    69 P=0.252 Vf=   755 tf= 17.9 slotU=   299 t1= 27.0
Lucid Flex 50K                       50000 synth m=1.5 k=1 L=200 X1=0 X=0 EV=     48±  24 days= 24.8 EV/mo=    59 P=0.229 Vf=   848 tf= 29.7 slotU=   216 t1= 29.0
Lucid Flex 50K                       50000 synth m=0.75 k=3 L=200 X1=0 X=0 EV=     17±  25 days=  8.6 EV/mo=    58 P=0.222 Vf=   732 tf= 10.6 slotU=   214 t1= 16.1
Lucid Flex 50K                       50000 synth m=1.5 k=1 L=350 X1=0 X=0 EV=     20±  21 days= 11.3 EV/mo=    54 P=0.244 Vf=   679 tf= 13.3 slotU=   187 t1= 17.2
Lucid Flex 50K                       50000 synth m=0.75 k=2 L=350 X1=0 X=0 EV=      7±  28 days=  4.8 EV/mo=    45 P=0.226 Vf=   677 tf=  6.8 slotU=   141 t1= 12.4
Lucid Flex 50K                       50000 synth m=0.75 k=3 L=350 X1=0 X=0 EV=      6±  34 days=  4.6 EV/mo=    40 P=0.227 Vf=   670 tf=  6.3 slotU=   128 t1= 12.5
Lucid Flex 50K                       50000 synth m=0.75 k=1 L=500 X1=0 X=0 EV=      4±  23 days=  4.3 EV/mo=    27 P=0.243 Vf=   616 tf=  6.3 slotU=    76 t1= 11.5
Lucid Flex 50K                       50000 synth m=1.5 k=2 L=500 X1=0 X=0 EV=      6±  34 days=  7.0 EV/mo=    24 P=0.210 Vf=   723 tf=  8.9 slotU=    91 t1= 14.5
Lucid Flex 50K                       50000 synth m=1.5 k=2 L=350 X1=0 X=0 EV=      7±  24 days= 10.1 EV/mo=    22 P=0.222 Vf=   691 tf= 11.0 slotU=    91 t1= 17.7
Lucid Flex 50K                       50000 synth m=1.5 k=3 L=350 X1=0 X=0 EV=     -5±  32 days=  9.6 EV/mo=   -16 P=0.204 Vf=   692 tf= 11.0 slotU=   -67 t1= 18.3
Lucid Flex 50K                       50000 synth m=1.5 k=1 L=500 X1=0 X=0 EV=     -6±  23 days=  7.4 EV/mo=   -26 P=0.237 Vf=   589 tf=  9.2 slotU=   -89 t1= 13.7
Topstep 50K                          50000 synth m=0.75 k=3 L=500 X1=0 X=0 EV=    107±  46 days=  3.8 EV/mo=   870 P=0.245 Vf=   788 tf=  6.0 slotU=  2232 t1= 11.3
Topstep 50K                          50000 synth m=0.75 k=2 L=500 X1=0 X=0 EV=     93±  36 days=  3.8 EV/mo=   752 P=0.244 Vf=   731 tf=  5.6 slotU=  2057 t1= 11.6
Topstep 50K                          50000 synth m=0.75 k=3 L=350 X1=0 X=0 EV=     88±  37 days=  4.7 EV/mo=   570 P=0.228 Vf=   748 tf=  6.7 slotU=  1745 t1= 12.4
Topstep 50K                          50000 synth m=0.75 k=2 L=350 X1=0 X=0 EV=     78±  27 days=  5.0 EV/mo=   475 P=0.239 Vf=   679 tf=  6.9 slotU=  1439 t1= 12.3
Topstep 50K                          50000 synth m=1.5 k=3 L=500 X1=0 X=0 EV=    108±  61 days=  7.2 EV/mo=   460 P=0.185 Vf=   999 tf= 11.1 slotU=  1606 t1= 15.2
Topstep 50K                          50000 synth m=0.75 k=1 L=500 X1=0 X=0 EV=     63±  26 days=  4.2 EV/mo=   455 P=0.236 Vf=   622 tf=  6.3 slotU=  1275 t1= 11.4
Topstep 50K                          50000 synth m=0.75 k=1 L=350 X1=0 X=0 EV=     49±  18 days=  5.8 EV/mo=   260 P=0.224 Vf=   588 tf=  7.9 slotU=   847 t1= 12.8
Topstep 50K                          50000 synth m=1.5 k=2 L=350 X1=0 X=0 EV=     85±  28 days= 10.1 EV/mo=   256 P=0.212 Vf=   778 tf= 11.5 slotU=  1057 t1= 17.8
Topstep 50K                          50000 synth m=0.75 k=3 L=200 X1=0 X=0 EV=     71±  24 days=  8.5 EV/mo=   255 P=0.233 Vf=   664 tf=  9.5 slotU=   978 t1= 16.4
Topstep 50K                          50000 synth m=1.5 k=2 L=500 X1=0 X=0 EV=     56±  31 days=  6.9 EV/mo=   249 P=0.207 Vf=   656 tf=  8.6 slotU=   961 t1= 14.5
Topstep 50K                          50000 synth m=1.5 k=3 L=350 X1=0 X=0 EV=     77±  34 days=  9.8 EV/mo=   241 P=0.207 Vf=   759 tf= 11.5 slotU=   991 t1= 18.0
Topstep 50K                          50000 synth m=1.5 k=1 L=500 X1=0 X=0 EV=     54±  22 days=  7.3 EV/mo=   225 P=0.237 Vf=   584 tf=  9.0 slotU=   775 t1= 13.7
Topstep 50K                          50000 synth m=1.5 k=3 L=200 X1=0 X=0 EV=     74±  24 days= 19.0 EV/mo=   119 P=0.257 Vf=   640 tf= 15.7 slotU=   560 t1= 27.0
Topstep 50K                          50000 synth m=1.5 k=1 L=350 X1=0 X=0 EV=     35±  16 days= 10.5 EV/mo=   101 P=0.237 Vf=   504 tf= 10.8 slotU=   418 t1= 17.1
Topstep 50K                          50000 synth m=0.75 k=2 L=200 X1=0 X=0 EV=     27±  16 days=  8.9 EV/mo=    91 P=0.231 Vf=   477 tf=  9.2 slotU=   381 t1= 16.3
Topstep 50K                          50000 synth m=1.5 k=2 L=200 X1=0 X=0 EV=     44±  20 days= 19.2 EV/mo=    70 P=0.243 Vf=   548 tf= 15.1 slotU=   364 t1= 27.3
Topstep 50K                          50000 synth m=0.75 k=1 L=200 X1=0 X=0 EV=     -3±  10 days= 10.9 EV/mo=    -7 P=0.226 Vf=   356 tf= 10.5 slotU=   -33 t1= 18.7
Topstep 50K                          50000 synth m=1.5 k=1 L=200 X1=0 X=0 EV=    -11±  10 days= 21.1 EV/mo=   -15 P=0.244 Vf=   332 tf= 14.0 slotU=   -94 t1= 28.8
Tradeify Select 50K                  50000 synth m=1.5 k=3 L=200 X1=0 X=0 EV=     37±  29 days= 20.3 EV/mo=    55 P=0.227 Vf=   888 tf= 19.2 slotU=   256 t1= 28.5
Tradeify Select 50K                  50000 synth m=1.5 k=1 L=200 X1=0 X=0 EV=     35±  23 days= 25.0 EV/mo=    42 P=0.216 Vf=   924 tf= 31.0 slotU=   157 t1= 29.3
Tradeify Select 50K                  50000 synth m=0.75 k=3 L=200 X1=0 X=0 EV=      3±  28 days=  8.8 EV/mo=    12 P=0.198 Vf=   852 tf= 11.2 slotU=    48 t1= 17.3
Tradeify Select 50K                  50000 synth m=1.5 k=2 L=200 X1=0 X=0 EV=     -4±  21 days= 20.6 EV/mo=    -6 P=0.219 Vf=   736 tf= 20.4 slotU=   -26 t1= 27.9
Tradeify Select 50K                  50000 synth m=0.75 k=1 L=200 X1=0 X=0 EV=     -4±  21 days= 13.0 EV/mo=    -9 P=0.201 Vf=   803 tf= 20.0 slotU=   -29 t1= 19.7
Tradeify Select 50K                  50000 synth m=1.5 k=1 L=350 X1=0 X=0 EV=    -17±  21 days= 11.1 EV/mo=   -48 P=0.216 Vf=   685 tf= 13.1 slotU=  -186 t1= 17.6
Tradeify Select 50K                  50000 synth m=1.5 k=1 L=500 X1=0 X=0 EV=    -15±  27 days=  7.4 EV/mo=   -63 P=0.199 Vf=   750 tf=  9.5 slotU=  -247 t1= 14.5
Tradeify Select 50K                  50000 synth m=1.5 k=2 L=500 X1=0 X=0 EV=    -18±  38 days=  6.9 EV/mo=   -78 P=0.178 Vf=   830 tf=  8.7 slotU=  -346 t1= 14.9
Tradeify Select 50K                  50000 synth m=1.5 k=2 L=350 X1=0 X=0 EV=    -27±  26 days=  9.9 EV/mo=   -83 P=0.175 Vf=   790 tf= 11.5 slotU=  -406 t1= 18.3
Tradeify Select 50K                  50000 synth m=0.75 k=2 L=200 X1=0 X=0 EV=    -31±  19 days=  9.3 EV/mo=  -101 P=0.191 Vf=   701 tf= 12.5 slotU=  -396 t1= 17.5
Tradeify Select 50K                  50000 synth m=0.75 k=3 L=500 X1=0 X=0 EV=    -13±  36 days=  3.5 EV/mo=  -108 P=0.209 Vf=   730 tf=  4.9 slotU=  -378 t1= 11.7
Tradeify Select 50K                  50000 synth m=0.75 k=1 L=350 X1=0 X=0 EV=    -22±  21 days=  5.9 EV/mo=  -114 P=0.197 Vf=   725 tf=  9.3 slotU=  -365 t1= 12.9
Tradeify Select 50K                  50000 synth m=0.75 k=2 L=500 X1=0 X=0 EV=    -14±  33 days=  3.7 EV/mo=  -117 P=0.216 Vf=   696 tf=  5.2 slotU=  -393 t1= 11.7
Tradeify Select 50K                  50000 synth m=1.5 k=3 L=350 X1=0 X=0 EV=    -37±  30 days=  9.5 EV/mo=  -118 P=0.159 Vf=   807 tf= 11.3 slotU=  -622 t1= 19.3
Tradeify Select 50K                  50000 synth m=0.75 k=2 L=350 X1=0 X=0 EV=    -27±  24 days=  4.8 EV/mo=  -167 P=0.202 Vf=   684 tf=  6.7 slotU=  -600 t1= 12.4
Tradeify Select 50K                  50000 synth m=1.5 k=3 L=500 X1=0 X=0 EV=    -39±  36 days=  6.7 EV/mo=  -176 P=0.153 Vf=   822 tf=  8.6 slotU=  -899 t1= 15.3
Tradeify Select 50K                  50000 synth m=0.75 k=3 L=350 X1=0 X=0 EV=    -50±  24 days=  4.6 EV/mo=  -335 P=0.211 Vf=   544 tf=  5.5 slotU= -1313 t1= 13.1
Tradeify Select 50K                  50000 synth m=0.75 k=1 L=500 X1=0 X=0 EV=    -50±  21 days=  4.1 EV/mo=  -367 P=0.205 Vf=   562 tf=  5.9 slotU= -1256 t1= 12.0
