Apex 50K EOD                         50000 synth m=0.75 k=3 L=500 X1=0 X=0 EV=   -256±  30 days=  8.3 EV/mo=  -937 P=0.348 Vf=   672 tf= 14.9 slotU= -1506 t1= 12.8
Apex 50K EOD                         50000 synth m=1.0 k=2 L=950 X1=0 X=0 EV=   -266±  31 days=  8.6 EV/mo=  -940 P=0.355 Vf=   631 tf= 16.0 slotU= -1424 t1= 13.1
Apex 50K EOD                         50000 synth m=1.0 k=2 L=500 X1=0 X=0 EV=   -267±  28 days=  8.6 EV/mo=  -945 P=0.338 Vf=   660 tf= 13.4 slotU= -1792 t1= 13.0
Apex 50K EOD                         50000 synth m=0.5 k=2 L=500 X1=0 X=0 EV=   -248±  30 days=  7.7 EV/mo=  -982 P=0.370 Vf=   653 tf= 12.9 slotU= -1577 t1= 12.0
Apex 50K EOD                         50000 synth m=0.5 k=2 L=800 X1=0 X=0 EV=   -252±  33 days=  7.7 EV/mo= -1002 P=0.369 Vf=   646 tf= 14.2 slotU= -1466 t1= 12.7
Apex 50K EOD                         50000 synth m=1.0 k=2 L=650 X1=0 X=0 EV=   -273±  27 days=  8.3 EV/mo= -1002 P=0.357 Vf=   609 tf= 13.6 slotU= -1708 t1= 12.8
Apex 50K EOD                         50000 synth m=1.0 k=3 L=800 X1=0 X=0 EV=   -309±  29 days=  9.3 EV/mo= -1011 P=0.364 Vf=   497 tf= 17.3 slotU= -1498 t1= 15.6
Apex 50K EOD                         50000 synth m=0.5 k=2 L=950 X1=0 X=0 EV=   -261±  32 days=  7.8 EV/mo= -1022 P=0.375 Vf=   610 tf= 14.3 slotU= -1479 t1= 13.1
Apex 50K EOD                         50000 synth m=1.0 k=3 L=500 X1=0 X=0 EV=   -300±  26 days=  8.8 EV/mo= -1043 P=0.333 Vf=   569 tf= 14.5 slotU= -1890 t1= 13.6
Apex 50K EOD                         50000 synth m=0.75 k=3 L=950 X1=0 X=0 EV=   -317±  28 days=  9.2 EV/mo= -1050 P=0.370 Vf=   466 tf= 18.1 slotU= -1443 t1= 15.1
Apex 50K EOD                         50000 synth m=0.75 k=2 L=800 X1=0 X=0 EV=   -269±  32 days=  7.7 EV/mo= -1058 P=0.361 Vf=   613 tf= 14.2 slotU= -1599 t1= 12.8
Apex 50K EOD                         50000 synth m=0.75 k=2 L=650 X1=0 X=0 EV=   -264±  30 days=  7.6 EV/mo= -1061 P=0.362 Vf=   624 tf= 13.2 slotU= -1675 t1= 12.3
Apex 50K EOD                         50000 synth m=1.0 k=3 L=650 X1=0 X=0 EV=   -312±  26 days=  8.7 EV/mo= -1093 P=0.359 Vf=   494 tf= 14.9 slotU= -1777 t1= 14.9
Apex 50K EOD                         50000 synth m=0.5 k=2 L=650 X1=0 X=0 EV=   -269±  30 days=  7.3 EV/mo= -1128 P=0.370 Vf=   599 tf= 12.5 slotU= -1765 t1= 12.2
Apex 50K EOD                         50000 synth m=0.75 k=3 L=650 X1=0 X=0 EV=   -306±  28 days=  8.1 EV/mo= -1145 P=0.367 Vf=   500 tf= 14.7 slotU= -1725 t1= 14.1
Apex 50K EOD                         50000 synth m=0.75 k=2 L=500 X1=0 X=0 EV=   -293±  26 days=  7.6 EV/mo= -1173 P=0.337 Vf=   584 tf= 12.9 slotU= -2049 t1= 12.6
Apex 50K EOD                         50000 synth m=0.75 k=2 L=950 X1=0 X=0 EV=   -287±  28 days=  7.4 EV/mo= -1177 P=0.363 Vf=   560 tf= 13.4 slotU= -1789 t1= 12.6
Apex 50K EOD                         50000 synth m=0.75 k=3 L=800 X1=0 X=0 EV=   -328±  27 days=  8.4 EV/mo= -1181 P=0.358 Vf=   453 tf= 16.4 slotU= -1692 t1= 14.9
Apex 50K EOD                         50000 synth m=1.0 k=2 L=800 X1=0 X=0 EV=   -318±  24 days=  7.6 EV/mo= -1268 P=0.359 Vf=   479 tf= 12.8 slotU= -2107 t1= 13.3
Apex 50K EOD                         50000 synth m=1.0 k=3 L=950 X1=0 X=0 EV=   -352±  23 days=  8.2 EV/mo= -1304 P=0.370 Vf=   374 tf= 14.2 slotU= -2035 t1= 15.6
Apex 50K EOD                         50000 synth m=0.5 k=3 L=500 X1=0 X=0 EV=   -310±  24 days=  7.2 EV/mo= -1316 P=0.352 Vf=   511 tf= 12.7 slotU= -2114 t1= 12.5
Apex 50K EOD                         50000 synth m=0.5 k=3 L=950 X1=0 X=0 EV=   -349±  24 days=  8.0 EV/mo= -1330 P=0.357 Vf=   394 tf= 15.8 slotU= -1882 t1= 14.5
Apex 50K EOD                         50000 synth m=0.5 k=3 L=650 X1=0 X=0 EV=   -327±  25 days=  7.4 EV/mo= -1353 P=0.358 Vf=   455 tf= 13.6 slotU= -2038 t1= 14.0
Apex 50K EOD                         50000 synth m=0.5 k=3 L=800 X1=0 X=0 EV=   -354±  23 days=  7.7 EV/mo= -1400 P=0.363 Vf=   374 tf= 14.7 slotU= -2017 t1= 14.7
Lucid Flex 50K                       50000 synth m=0.5 k=2 L=800 X1=0 X=0 EV=    100±  68 days=  3.3 EV/mo=   927 P=0.256 Vf=   959 tf=  5.9 slotU=  2001 t1= 10.8
Lucid Flex 50K                       50000 synth m=0.75 k=3 L=950 X1=0 X=0 EV=     97±  74 days=  3.4 EV/mo=   881 P=0.252 Vf=   964 tf=  6.4 slotU=  1840 t1= 11.0
Lucid Flex 50K                       50000 synth m=1.0 k=2 L=950 X1=0 X=0 EV=     68±  51 days=  3.7 EV/mo=   559 P=0.236 Vf=   905 tf=  6.5 slotU=  1348 t1= 11.0
Lucid Flex 50K                       50000 synth m=0.75 k=3 L=650 X1=0 X=0 EV=     54±  46 days=  3.5 EV/mo=   474 P=0.242 Vf=   825 tf=  6.0 slotU=  1132 t1= 11.2
Lucid Flex 50K                       50000 synth m=1.0 k=2 L=800 X1=0 X=0 EV=     49±  61 days=  4.0 EV/mo=   372 P=0.243 Vf=   804 tf=  6.2 slotU=   990 t1= 11.1
Lucid Flex 50K                       50000 synth m=0.75 k=3 L=800 X1=0 X=0 EV=     38±  45 days=  3.3 EV/mo=   348 P=0.250 Vf=   736 tf=  5.4 slotU=   850 t1= 10.9
Lucid Flex 50K                       50000 synth m=1.0 k=3 L=950 X1=0 X=0 EV=     42±  58 days=  3.8 EV/mo=   338 P=0.249 Vf=   755 tf=  6.3 slotU=   807 t1= 11.5
Lucid Flex 50K                       50000 synth m=0.5 k=2 L=950 X1=0 X=0 EV=     29±  55 days=  2.9 EV/mo=   304 P=0.258 Vf=   678 tf=  4.6 slotU=   743 t1= 10.5
Lucid Flex 50K                       50000 synth m=1.0 k=3 L=650 X1=0 X=0 EV=     40±  42 days=  4.1 EV/mo=   297 P=0.226 Vf=   823 tf=  6.9 slotU=   783 t1= 11.8
Lucid Flex 50K                       50000 synth m=1.0 k=3 L=800 X1=0 X=0 EV=     37±  53 days=  4.0 EV/mo=   278 P=0.225 Vf=   812 tf=  6.8 slotU=   728 t1= 11.7
Lucid Flex 50K                       50000 synth m=0.5 k=2 L=500 X1=0 X=0 EV=     28±  28 days=  3.4 EV/mo=   249 P=0.257 Vf=   677 tf=  5.1 slotU=   645 t1= 10.9
Lucid Flex 50K                       50000 synth m=0.5 k=2 L=650 X1=0 X=0 EV=     23±  35 days=  3.1 EV/mo=   232 P=0.257 Vf=   658 tf=  4.7 slotU=   582 t1= 10.6
Lucid Flex 50K                       50000 synth m=1.0 k=2 L=650 X1=0 X=0 EV=     27±  31 days=  4.0 EV/mo=   206 P=0.232 Vf=   746 tf=  6.1 slotU=   584 t1= 11.5
Lucid Flex 50K                       50000 synth m=0.75 k=2 L=650 X1=0 X=0 EV=     21±  34 days=  3.3 EV/mo=   193 P=0.249 Vf=   671 tf=  5.0 slotU=   515 t1= 10.7
Lucid Flex 50K                       50000 synth m=0.5 k=3 L=650 X1=0 X=0 EV=     17±  41 days=  3.0 EV/mo=   175 P=0.256 Vf=   637 tf=  4.6 slotU=   445 t1= 10.8
Lucid Flex 50K                       50000 synth m=0.75 k=3 L=500 X1=0 X=0 EV=     19±  30 days=  3.6 EV/mo=   164 P=0.242 Vf=   683 tf=  5.4 slotU=   456 t1= 11.3
Lucid Flex 50K                       50000 synth m=0.75 k=2 L=950 X1=0 X=0 EV=     10±  45 days=  2.9 EV/mo=   111 P=0.248 Vf=   631 tf=  4.5 slotU=   286 t1= 10.8
Lucid Flex 50K                       50000 synth m=1.0 k=3 L=500 X1=0 X=0 EV=     12±  31 days=  4.6 EV/mo=    78 P=0.213 Vf=   742 tf=  7.1 slotU=   241 t1= 12.2
Lucid Flex 50K                       50000 synth m=0.75 k=2 L=500 X1=0 X=0 EV=      4±  23 days=  3.6 EV/mo=    37 P=0.239 Vf=   629 tf=  5.2 slotU=   109 t1= 11.5
Lucid Flex 50K                       50000 synth m=1.0 k=2 L=500 X1=0 X=0 EV=     -0±  21 days=  4.6 EV/mo=    -2 P=0.228 Vf=   639 tf=  6.3 slotU=    -6 t1= 12.2
Lucid Flex 50K                       50000 synth m=0.75 k=2 L=800 X1=0 X=0 EV=     -1±  33 days=  3.0 EV/mo=    -6 P=0.234 Vf=   622 tf=  4.8 slotU=   -17 t1= 10.7
Lucid Flex 50K                       50000 synth m=0.5 k=3 L=500 X1=0 X=0 EV=     -3±  27 days=  3.0 EV/mo=   -31 P=0.249 Vf=   573 tf=  4.5 slotU=   -85 t1= 10.9
Lucid Flex 50K                       50000 synth m=0.5 k=3 L=950 X1=0 X=0 EV=     -4±  40 days=  2.7 EV/mo=   -43 P=0.255 Vf=   559 tf=  4.0 slotU=  -114 t1= 10.9
Lucid Flex 50K                       50000 synth m=0.5 k=3 L=800 X1=0 X=0 EV=     -8±  34 days=  2.8 EV/mo=   -88 P=0.253 Vf=   547 tf=  4.1 slotU=  -236 t1= 10.7
Topstep 50K                          50000 synth m=0.75 k=3 L=950 X1=0 X=0 EV=    175±  81 days=  3.4 EV/mo=  1556 P=0.249 Vf=  1049 tf=  6.8 slotU=  3158 t1= 11.1
Topstep 50K                          50000 synth m=0.5 k=2 L=800 X1=0 X=0 EV=    162±  66 days=  3.3 EV/mo=  1499 P=0.253 Vf=   982 tf=  6.0 slotU=  3219 t1= 10.8
Topstep 50K                          50000 synth m=1.0 k=2 L=950 X1=0 X=0 EV=    153±  57 days=  3.8 EV/mo=  1233 P=0.236 Vf=  1005 tf=  6.9 slotU=  2875 t1= 10.9
Topstep 50K                          50000 synth m=0.5 k=2 L=650 X1=0 X=0 EV=    113±  43 days=  3.2 EV/mo=  1071 P=0.261 Vf=   770 tf=  5.2 slotU=  2548 t1= 10.7
Topstep 50K                          50000 synth m=0.75 k=3 L=650 X1=0 X=0 EV=    118±  46 days=  3.5 EV/mo=  1034 P=0.240 Vf=   842 tf=  6.1 slotU=  2454 t1= 11.1
Topstep 50K                          50000 synth m=0.75 k=3 L=800 X1=0 X=0 EV=    111±  49 days=  3.4 EV/mo=  1006 P=0.251 Vf=   788 tf=  5.7 slotU=  2377 t1= 11.2
Topstep 50K                          50000 synth m=0.5 k=2 L=500 X1=0 X=0 EV=    112±  32 days=  3.6 EV/mo=   954 P=0.265 Vf=   756 tf=  5.5 slotU=  2323 t1= 10.9
Topstep 50K                          50000 synth m=1.0 k=2 L=800 X1=0 X=0 EV=    119±  63 days=  4.1 EV/mo=   890 P=0.241 Vf=   844 tf=  6.4 slotU=  2321 t1= 11.0
Topstep 50K                          50000 synth m=1.0 k=3 L=650 X1=0 X=0 EV=    120±  45 days=  4.3 EV/mo=   859 P=0.230 Vf=   886 tf=  7.3 slotU=  2174 t1= 11.8
Topstep 50K                          50000 synth m=1.0 k=3 L=800 X1=0 X=0 EV=    115±  51 days=  4.1 EV/mo=   845 P=0.224 Vf=   879 tf=  7.2 slotU=  2148 t1= 11.7
Topstep 50K                          50000 synth m=1.0 k=2 L=650 X1=0 X=0 EV=    111±  34 days=  4.1 EV/mo=   826 P=0.230 Vf=   845 tf=  6.6 slotU=  2230 t1= 11.4
Topstep 50K                          50000 synth m=1.0 k=3 L=950 X1=0 X=0 EV=    101±  57 days=  3.8 EV/mo=   812 P=0.247 Vf=   754 tf=  6.4 slotU=  1939 t1= 11.5
Topstep 50K                          50000 synth m=0.75 k=2 L=650 X1=0 X=0 EV=     89±  32 days=  3.3 EV/mo=   809 P=0.249 Vf=   703 tf=  5.2 slotU=  2110 t1= 10.7
Topstep 50K                          50000 synth m=0.5 k=2 L=950 X1=0 X=0 EV=     75±  50 days=  2.8 EV/mo=   801 P=0.257 Vf=   631 tf=  4.4 slotU=  2011 t1= 10.5
Topstep 50K                          50000 synth m=0.75 k=2 L=950 X1=0 X=0 EV=     69±  44 days=  2.9 EV/mo=   738 P=0.245 Vf=   630 tf=  4.5 slotU=  1919 t1= 10.8
Topstep 50K                          50000 synth m=0.75 k=2 L=800 X1=0 X=0 EV=     74±  34 days=  3.1 EV/mo=   727 P=0.237 Vf=   668 tf=  5.0 slotU=  1905 t1= 10.7
Topstep 50K                          50000 synth m=0.5 k=3 L=950 X1=0 X=0 EV=     61±  41 days=  2.7 EV/mo=   683 P=0.257 Vf=   578 tf=  4.1 slotU=  1788 t1= 10.9
Topstep 50K                          50000 synth m=0.75 k=3 L=500 X1=0 X=0 EV=     76±  28 days=  3.6 EV/mo=   637 P=0.242 Vf=   664 tf=  5.3 slotU=  1781 t1= 11.3
Topstep 50K                          50000 synth m=0.5 k=3 L=800 X1=0 X=0 EV=     53±  35 days=  2.8 EV/mo=   578 P=0.251 Vf=   555 tf=  4.1 slotU=  1560 t1= 10.8
Topstep 50K                          50000 synth m=1.0 k=3 L=500 X1=0 X=0 EV=     85±  32 days=  4.7 EV/mo=   554 P=0.213 Vf=   778 tf=  7.3 slotU=  1670 t1= 12.2
Topstep 50K                          50000 synth m=0.75 k=2 L=500 X1=0 X=0 EV=     65±  22 days=  3.7 EV/mo=   544 P=0.243 Vf=   620 tf=  5.2 slotU=  1579 t1= 11.4
Topstep 50K                          50000 synth m=0.5 k=3 L=500 X1=0 X=0 EV=     52±  27 days=  3.0 EV/mo=   527 P=0.249 Vf=   555 tf=  4.5 slotU=  1430 t1= 10.9
Topstep 50K                          50000 synth m=0.5 k=3 L=650 X1=0 X=0 EV=     50±  35 days=  2.9 EV/mo=   522 P=0.259 Vf=   529 tf=  4.1 slotU=  1417 t1= 10.8
Topstep 50K                          50000 synth m=1.0 k=2 L=500 X1=0 X=0 EV=     61±  22 days=  4.6 EV/mo=   399 P=0.226 Vf=   635 tf=  6.4 slotU=  1282 t1= 12.3
Tradeify Select 50K                  50000 synth m=0.75 k=3 L=950 X1=0 X=0 EV=     39±  55 days=  3.1 EV/mo=   383 P=0.221 Vf=   925 tf=  4.7 slotU=  1141 t1= 11.4
Tradeify Select 50K                  50000 synth m=0.5 k=2 L=950 X1=0 X=0 EV=     24±  46 days=  2.9 EV/mo=   254 P=0.213 Vf=   885 tf=  4.2 slotU=   809 t1= 10.9
Tradeify Select 50K                  50000 synth m=0.75 k=2 L=950 X1=0 X=0 EV=     23±  46 days=  3.0 EV/mo=   238 P=0.215 Vf=   876 tf=  4.5 slotU=   745 t1= 11.3
Tradeify Select 50K                  50000 synth m=1.0 k=3 L=950 X1=0 X=0 EV=     10±  47 days=  3.6 EV/mo=    83 P=0.210 Vf=   832 tf=  5.4 slotU=   269 t1= 11.7
Tradeify Select 50K                  50000 synth m=0.75 k=3 L=800 X1=0 X=0 EV=      7±  45 days=  3.2 EV/mo=    66 P=0.223 Vf=   771 tf=  4.4 slotU=   215 t1= 11.7
Tradeify Select 50K                  50000 synth m=0.5 k=2 L=500 X1=0 X=0 EV=      0±  27 days=  3.4 EV/mo=     0 P=0.231 Vf=   716 tf=  4.9 slotU=     1 t1= 11.4
Tradeify Select 50K                  50000 synth m=0.5 k=3 L=950 X1=0 X=0 EV=     -2±  48 days=  2.8 EV/mo=   -17 P=0.218 Vf=   750 tf=  3.7 slotU=   -59 t1= 11.6
Tradeify Select 50K                  50000 synth m=1.0 k=2 L=500 X1=0 X=0 EV=     -3±  24 days=  4.8 EV/mo=   -18 P=0.201 Vf=   809 tf=  6.5 slotU=   -65 t1= 12.5
Tradeify Select 50K                  50000 synth m=0.75 k=3 L=500 X1=0 X=0 EV=    -11±  27 days=  3.6 EV/mo=   -94 P=0.217 Vf=   709 tf=  4.7 slotU=  -325 t1= 11.7
Tradeify Select 50K                  50000 synth m=1.0 k=3 L=800 X1=0 X=0 EV=    -13±  40 days=  3.9 EV/mo=  -104 P=0.193 Vf=   785 tf=  5.6 slotU=  -373 t1= 12.5
Tradeify Select 50K                  50000 synth m=0.75 k=2 L=800 X1=0 X=0 EV=    -11±  31 days=  3.1 EV/mo=  -107 P=0.214 Vf=   718 tf=  4.2 slotU=  -371 t1= 11.3
Tradeify Select 50K                  50000 synth m=0.75 k=2 L=500 X1=0 X=0 EV=    -13±  23 days=  3.8 EV/mo=  -108 P=0.218 Vf=   696 tf=  5.2 slotU=  -360 t1= 11.8
Tradeify Select 50K                  50000 synth m=1.0 k=3 L=500 X1=0 X=0 EV=    -18±  27 days=  4.6 EV/mo=  -120 P=0.198 Vf=   744 tf=  6.0 slotU=  -464 t1= 12.8
Tradeify Select 50K                  50000 synth m=1.0 k=3 L=650 X1=0 X=0 EV=    -17±  32 days=  3.9 EV/mo=  -128 P=0.198 Vf=   749 tf=  5.5 slotU=  -463 t1= 12.6
Tradeify Select 50K                  50000 synth m=1.0 k=2 L=650 X1=0 X=0 EV=    -17±  29 days=  3.9 EV/mo=  -132 P=0.200 Vf=   742 tf=  5.4 slotU=  -480 t1= 12.2
Tradeify Select 50K                  50000 synth m=0.5 k=3 L=500 X1=0 X=0 EV=    -14±  27 days=  3.1 EV/mo=  -134 P=0.228 Vf=   664 tf=  4.1 slotU=  -445 t1= 11.1
Tradeify Select 50K                  50000 synth m=0.75 k=3 L=650 X1=0 X=0 EV=    -15±  31 days=  3.2 EV/mo=  -144 P=0.219 Vf=   684 tf=  4.4 slotU=  -487 t1= 11.5
Tradeify Select 50K                  50000 synth m=1.0 k=2 L=800 X1=0 X=0 EV=    -19±  29 days=  3.7 EV/mo=  -151 P=0.204 Vf=   717 tf=  5.0 slotU=  -550 t1= 12.1
Tradeify Select 50K                  50000 synth m=0.75 k=2 L=650 X1=0 X=0 EV=    -17±  25 days=  3.3 EV/mo=  -154 P=0.225 Vf=   660 tf=  4.4 slotU=  -516 t1= 11.4
Tradeify Select 50K                  50000 synth m=0.5 k=2 L=650 X1=0 X=0 EV=    -17±  24 days=  3.1 EV/mo=  -172 P=0.226 Vf=   654 tf=  4.2 slotU=  -562 t1= 11.5
Tradeify Select 50K                  50000 synth m=1.0 k=2 L=950 X1=0 X=0 EV=    -22±  34 days=  3.4 EV/mo=  -195 P=0.206 Vf=   697 tf=  4.5 slotU=  -716 t1= 11.3
Tradeify Select 50K                  50000 synth m=0.5 k=3 L=800 X1=0 X=0 EV=    -24±  36 days=  2.9 EV/mo=  -254 P=0.221 Vf=   639 tf=  3.6 slotU=  -911 t1= 11.6
Tradeify Select 50K                  50000 synth m=0.5 k=2 L=800 X1=0 X=0 EV=    -29±  29 days=  2.9 EV/mo=  -306 P=0.217 Vf=   627 tf=  3.7 slotU= -1088 t1= 11.1
Tradeify Select 50K                  50000 synth m=0.5 k=3 L=650 X1=0 X=0 EV=    -56±  25 days=  2.9 EV/mo=  -593 P=0.226 Vf=   484 tf=  3.4 slotU= -2182 t1= 11.7
