scale {'prog': 'FTMO 2-Step', 'fee': 'double', 'fee100': 607.824, 'fee200': 1215.648, 'n': 1500, 'max_abs': 0.0, 'mismatches': 0, 'v100': 1845.1795822469694, 'v200_half': 1845.1795822469694}
scale {'prog': 'The5ers High Stakes', 'fee': 'double', 'fee100': 491, 'fee200': 982, 'n': 1500, 'max_abs': 0.0, 'mismatches': 0, 'v100': 1693.8909150504655, 'v200_half': 1693.8909150504655}
scale {'prog': 'Fintokei ProTrader', 'fee': 'double', 'fee100': 549, 'fee200': 1098, 'n': 1500, 'max_abs': 0.0, 'mismatches': 0, 'v100': 1518.5530557733507, 'v200_half': 1518.5530557733507}
scale {'prog': 'GFT 2-Step Standard', 'fee': 'double', 'fee100': 524, 'fee200': 1048, 'n': 1500, 'max_abs': 136927.04173364458, 'mismatches': 491, 'v100': 1515.075017118094, 'v200_half': 1393.7781928450788}
scale {'prog': 'FTMO 2-Step', 'fee': 'real', 'fee100': 607.824, 'fee200': 1215.648, 'n': 1500, 'max_abs': 0.0, 'mismatches': 0, 'v100': 1845.1795822469694, 'v200_half': 1845.1795822469694}
scale {'prog': 'The5ers High Stakes', 'fee': 'real', 'fee100': 491, 'fee200': 982.0, 'n': 1500, 'max_abs': 0.0, 'mismatches': 0, 'v100': 1693.8909150504655, 'v200_half': 1693.8909150504655}
scale {'prog': 'Fintokei ProTrader', 'fee': 'real', 'fee100': 549, 'fee200': 1249, 'n': 1500, 'max_abs': 151.0, 'mismatches': 1274, 'v100': 1518.5530557733507, 'v200_half': 1454.428389106684}
scale {'prog': 'GFT 2-Step Standard', 'fee': 'real', 'fee100': 524, 'fee200': 974, 'n': 1500, 'max_abs': 136927.04173364458, 'mismatches': 1500, 'v100': 1515.075017118094, 'v200_half': 1423.9701928450788}
bracket {'k': 1, 'm': 0.6, 'n': 60000, 'win': 0.49338333333333334, 'theory': 0.49044280269463103, 'win_ci': 0.004000102307395578, 'meanR': -0.03298265129241702, 'mean_theory': -0.03897374883619058, 'ci': 0.008156729381253997}
bracket {'k': 1, 'm': 1.0, 'n': 60000, 'win': 0.49183333333333334, 'theory': 0.49422150060973724, 'win_ci': 0.0040005660535361144, 'meanR': -0.028663510642381502, 'mean_theory': -0.023384249301714347, 'ci': 0.008098087446323333}
bracket {'k': 2, 'm': 0.6, 'n': 60000, 'win': 0.32771666666666666, 'theory': 0.32905845283558677, 'win_ci': 0.003759753002081355, 'meanR': -0.04311121806254702, 'mean_theory': -0.03897374883619058, 'ci': 0.011419570493675887}
bracket {'k': 2, 'm': 1.0, 'n': 60000, 'win': 0.32808333333333334, 'theory': 0.33075517947510696, 'win_ci': 0.0037646645319582557, 'meanR': -0.03166866024036031, 'mean_theory': -0.023384249301714347, 'ci': 0.011667540706876802}
bracket {'k': 3, 'm': 0.6, 'n': 60000, 'win': 0.24303333333333332, 'theory': 0.24758764532404917, 'win_ci': 0.0034536067936766926, 'meanR': -0.05775285197785282, 'mean_theory': -0.03897374883619058, 'ci': 0.013923482905448183}
bracket {'k': 3, 'm': 1.0, 'n': 60000, 'win': 0.24685, 'theory': 0.24854697887072477, 'win_ci': 0.0034580845525582307, 'meanR': -0.03247572799209328, 'mean_theory': -0.023384249301714347, 'ci': 0.014675778795485924}
bracket {'k': 6, 'm': 0.6, 'n': 60000, 'win': 0.1437, 'theory': 0.14206616414293888, 'win_ci': 0.002793525702171169, 'meanR': -0.03160811338815995, 'mean_theory': -0.03897374883619058, 'ci': 0.020842138102268686}
bracket {'k': 6, 'm': 1.0, 'n': 60000, 'win': 0.14505, 'theory': 0.14238150220805915, 'win_ci': 0.002796110313030931, 'meanR': -0.020841499826826825, 'mean_theory': -0.023384249301714347, 'ci': 0.021688466098850563}
ties {'k': 1, 'sub': 12, 'n': 120000, 'win': 0.499075, 'theory': 0.5, 'ci': 0.0028290163190291665, 'ci_cluster': 0.00251703175985623, 'z': -0.6408587988004909}
ties {'k': 1, 'sub': 60, 'n': 120000, 'win': 0.49924166666666664, 'theory': 0.5, 'ci': 0.0028290163190291665, 'ci_cluster': 0.0034550096097008018, 'z': -0.5253887449625785}
ties {'k': 1, 'sub': 240, 'n': 120000, 'win': 0.500425, 'theory': 0.5, 'ci': 0.0028290163190291665, 'ci_cluster': 0.0025399064151312867, 'z': 0.29444863728671516}
ties {'k': 2, 'sub': 12, 'n': 120000, 'win': 0.3331, 'theory': 0.3333333333333333, 'ci': 0.002667222164363905, 'ci_cluster': 0.00874177808005901, 'z': -0.17146428199480357}
ties {'k': 2, 'sub': 60, 'n': 120000, 'win': 0.33345833333333336, 'theory': 0.3333333333333333, 'ci': 0.002667222164363905, 'ci_cluster': 0.0051864167983902846, 'z': 0.09185586535439985}
ties {'k': 2, 'sub': 240, 'n': 120000, 'win': 0.3324, 'theory': 0.3333333333333333, 'ci': 0.002667222164363905, 'ci_cluster': 0.003995265615888374, 'z': -0.6858571279792959}
ties {'k': 3, 'sub': 12, 'n': 120000, 'win': 0.24655833333333332, 'theory': 0.25, 'ci': 0.00245, 'ci_cluster': 0.005148361075830353, 'z': -2.753333333333341}
ties {'k': 3, 'sub': 60, 'n': 120000, 'win': 0.249425, 'theory': 0.25, 'ci': 0.00245, 'ci_cluster': 0.007891319334726296, 'z': -0.45999999999999375}
ties {'k': 3, 'sub': 240, 'n': 120000, 'win': 0.24836666666666668, 'theory': 0.25, 'ci': 0.00245, 'ci_cluster': 0.005467398057988823, 'z': -1.306666666666656}
ties {'k': 6, 'sub': 12, 'n': 120000, 'win': 0.142725, 'theory': 0.14285714285714285, 'ci': 0.0019798989873223327, 'ci_cluster': 0.0026954148686473066, 'z': -0.1308147545195126}
ties {'k': 6, 'sub': 60, 'n': 120000, 'win': 0.14040833333333333, 'theory': 0.14285714285714285, 'ci': 0.0019798989873223327, 'ci_cluster': 0.006635672194934357, 'z': -2.4241977481678765}
ties {'k': 6, 'sub': 240, 'n': 120000, 'win': 0.14255833333333334, 'theory': 0.14285714285714285, 'ci': 0.0019798989873223327, 'ci_cluster': 0.005634872755806027, 'z': -0.29580633679635554}
zero {'P1': 0.5017812500000001, 'P1_ci': 0.009300697326544531, 'P1_chain': 0.4992364994237948, 'P1_half': 0.5, 'X_succ_chain': 10030.586729018669, 'X_fail_chain': -10000.0, 'W': 10159.627739764255, 'W_ci': 526.280259929967, 'W_chain': 9999.999999553795, 'W_identity': 9999.999999553795, 'D': 10000.0, 'n': 64000, 'n_funded': 32000}
FTMO 2-Step                        US100   P 0.274/0.271±0.010/0.273 cash    7283/   7577/   7528 EV   1385/  1446±121/  1448
FundingPips 2-Step Flex (80%)      USDJPY  P 0.258/0.250±0.010/0.254 cash    8067/   7347/   7688 EV   1578/  1341±200/  1454
FundingPips 2-Step Flex (80%)      EURUSD  P 0.218/0.224±0.010/0.209 cash    7178/   7793/   7013 EV   1066/  1248±205/   970
FundingPips 2-Step Flex (95%)      USDJPY  P 0.271/0.266±0.011/0.267 cash    9927/   9441/  10016 EV   2189/  2015±182/  2171
FundingPips 2-Step Flex (95%)      EURUSD  P 0.218/0.226±0.011/0.210 cash    8531/   9200/   8297 EV   1361/  1582±213/  1243
FundedNext Stellar 2-Step          EURUSD  P 0.266/0.261±0.009/0.263 cash    6583/   6518/   5909 EV   1198/  1152±175/  1006
FundedNext Stellar 2-Step          XAUUSD  P 0.298/0.293±0.011/0.292 cash    7000/   6830/   6950 EV   1536/  1452±174/  1477
The5ers High Stakes                US100   P 0.289/0.284±0.011/0.291 cash    7464/   7059/   7780 EV   1720/  1566±272/  1826
The5ers High Stakes Classic        US100   P 0.305/0.313±0.010/0.305 cash    7277/   7344/   7600 EV   1736/  1818±216/  1833
FXIFY Two Phase Classic (100%, 30  US100   P 0.292/0.285±0.010/0.287 cash    8637/   8281/   8671 EV   1973/  1808±221/  1944
FXIFY Two Phase Classic (100%, 30  USDJPY  P 0.274/0.272±0.011/0.271 cash    8316/   7940/   7924 EV   1731/  1614±289/  1594
FXIFY Two Phase Classic (80%)      US100   P 0.292/0.283±0.011/0.290 cash    6909/   6764/   7052 EV   1468/  1363±209/  1496
FXIFY Two Phase Classic (80%)      USDJPY  P 0.260/0.255±0.008/0.264 cash    6360/   6411/   6514 EV   1102/  1088±137/  1167
Fintokei ProTrader                 US100   P 0.302/0.306±0.009/0.297 cash    7487/   7290/   7767 EV   1710/  1685±228/  1757
Hola Prime 2-Step Prime (bi-weekly XAUUSD  P 0.295/0.295±0.014/0.296 cash    7009/   7085/   6905 EV   1471/  1493±218/  1443
Hola Prime 2-Step Prime (bi-weekly EURUSD  P 0.240/0.234±0.010/0.235 cash    6137/   6168/   5897 EV    877/   843±149/   787
Alpha Capital Pro 10%              US100   P 0.269/0.278±0.010/0.269 cash    7191/   7154/   7214 EV   1440/  1488±183/  1445
GFT 2-Step Standard                US100   P 0.292/0.289±0.013/0.292 cash    7128/   6746/   7177 EV   1556/  1422±155/  1568
GFT 2-Step Standard                USDJPY  P 0.274/0.266±0.009/0.275 cash    6653/   6423/   6686 EV   1299/  1184±97/  1314
FunderPro Classic                  US100   P 0.292/0.287±0.011/0.292 cash    7547/   6483/   7955 EV   1664/  1319±221/  1780
FunderPro Classic                  USDJPY  P 0.261/0.257±0.011/0.259 cash    7038/   6148/   7041 EV   1295/  1043±186/  1281
BrightFunded 2-Step Classic        US100   P 0.289/0.293±0.012/0.294 cash    7386/   7537/   7621 EV   1573/  1648±283/  1681
Blue Guardian 2-Step               US100   P 0.298/0.288±0.007/0.301 cash    6318/   6025/   6554 EV   1301/  1156±141/  1397
Maven 2-Step                       US100   P 0.270/0.272±0.013/0.263 cash    5601/   5639/   5964 EV   1071/  1094±122/  1130
