scale {'prog': 'FTMO 2-Step', 'n': 1500, 'max_abs': 0.0, 'mismatches': 0, 'v100': 1963.1872725711676, 'v200_half': 1963.1872725711676}
scale {'prog': 'The5ers High Stakes', 'n': 1500, 'max_abs': 133584.6107550695, 'mismatches': 677, 'v100': 2008.8197346613667, 'v200_half': 1980.989612085157}
scale {'prog': 'Fintokei ProTrader', 'n': 1500, 'max_abs': 0.0, 'mismatches': 0, 'v100': 2216.3285024586175, 'v200_half': 2216.3285024586175}
scale {'prog': 'GFT 2-Step Standard', 'n': 1500, 'max_abs': 108559.63340502759, 'mismatches': 513, 'v100': 1802.1968346396702, 'v200_half': 1511.7399432731506}
bracket {'k': 1, 'm': 0.35, 'n': 60000, 'win': 0.48591666666666666, 'theory': 0.4838369101039405, 'win_ci': 0.0039987423009893285, 'meanR': -0.06251367474815576, 'mean_theory': -0.06681214086204099, 'ci': 0.008265434030678727}
bracket {'k': 1, 'm': 1.0, 'n': 60000, 'win': 0.49651666666666666, 'theory': 0.49422150060973724, 'win_ci': 0.0040005660535361144, 'meanR': -0.01867385938516267, 'mean_theory': -0.023384249301714347, 'ci': 0.008149895440506098}
bracket {'k': 2, 'm': 0.35, 'n': 60000, 'win': 0.32685, 'theory': 0.32607148859105306, 'win_ci': 0.003750971585704809, 'meanR': -0.06442459262127846, 'mean_theory': -0.06681214086204099, 'ci': 0.011510326207761984}
bracket {'k': 2, 'm': 1.0, 'n': 60000, 'win': 0.3303333333333333, 'theory': 0.33075517947510696, 'win_ci': 0.0037646645319582557, 'meanR': -0.026266702035197938, 'mean_theory': -0.023384249301714347, 'ci': 0.011715333692513244}
bracket {'k': 3, 'm': 0.35, 'n': 60000, 'win': 0.24501666666666666, 'theory': 0.24589284318110408, 'win_ci': 0.003445640168487531, 'meanR': -0.07041975358575321, 'mean_theory': -0.06681214086204099, 'ci': 0.013995291765985527}
bracket {'k': 3, 'm': 1.0, 'n': 60000, 'win': 0.24686666666666668, 'theory': 0.24854697887072477, 'win_ci': 0.0034580845525582307, 'meanR': -0.035671605755041816, 'mean_theory': -0.023384249301714347, 'ci': 0.014657747695749493}
bracket {'k': 6, 'm': 0.35, 'n': 60000, 'win': 0.14425, 'theory': 0.14150652091312216, 'win_ci': 0.0027889271701292797, 'meanR': -0.05020633843401324, 'mean_theory': -0.06681214086204099, 'ci': 0.020245347849414605}
bracket {'k': 6, 'm': 1.0, 'n': 60000, 'win': 0.14368333333333333, 'theory': 0.14238150220805915, 'win_ci': 0.002796110313030931, 'meanR': -0.035031871099570115, 'mean_theory': -0.023384249301714347, 'ci': 0.021845241031952286}
ties {'k': 1, 'sub': 12, 'n': 80000, 'win': 0.4984625, 'theory': 0.5, 'win_ci': 0.0034648068467407925, 'meanR': -0.003075000000000418}
ties {'k': 1, 'sub': 60, 'n': 80000, 'win': 0.4983375, 'theory': 0.5, 'win_ci': 0.0034648040748679965, 'meanR': -0.003325000000000184}
ties {'k': 3, 'sub': 12, 'n': 80000, 'win': 0.248525, 'theory': 0.25, 'win_ci': 0.002994700448540304, 'meanR': -0.005899999999985586}
ties {'k': 3, 'sub': 60, 'n': 80000, 'win': 0.25765, 'theory': 0.25, 'win_ci': 0.0030306131804554008, 'meanR': 0.03060000000001411}
ties {'k': 6, 'sub': 12, 'n': 80000, 'win': 0.1418375, 'theory': 0.14285714285714285, 'win_ci': 0.0024176385844397576, 'meanR': -0.007736472451073145}
ties {'k': 6, 'sub': 60, 'n': 80000, 'win': 0.1427625, 'theory': 0.14285714285714285, 'win_ci': 0.0024242015840007765, 'meanR': -0.0010617601004741836}
ties2 {'k': 2, 'sub': 12, 'n': 120000, 'win': 0.3365, 'theory': 0.3333333333333333, 'ci': 0.002667222164363905, 'z': 2.3270152556440484}
ties2 {'k': 2, 'sub': 60, 'n': 120000, 'win': 0.333225, 'theory': 0.3333333333333333, 'ci': 0.002667222164363905, 'z': -0.07960841664044452}
ties2 {'k': 3, 'sub': 12, 'n': 120000, 'win': 0.2528666666666667, 'theory': 0.25, 'ci': 0.00245, 'z': 2.293333333333347}
ties2 {'k': 3, 'sub': 60, 'n': 120000, 'win': 0.2502083333333333, 'theory': 0.25, 'ci': 0.00245, 'z': 0.1666666666666483}
ties2 {'k': 4, 'sub': 12, 'n': 120000, 'win': 0.19993333333333332, 'theory': 0.2, 'ci': 0.002263213055223333, 'z': -0.057735026918980255}
ties2 {'k': 4, 'sub': 60, 'n': 120000, 'win': 0.20148333333333332, 'theory': 0.2, 'ci': 0.002263213055223333, 'z': 1.284604348946896}
zero {'P1': 0.49896874999999996, 'P1_ci': 0.0085473971807428, 'P1_chain': 0.497289012274364, 'P1_half': 0.5, 'X_fail_chain': -9892.14527663694, 'W': 9997.499999999996, 'W_ci': 366.2473696259768, 'W_chain': 9899.901126214132, 'W_identity': 9899.901126214132, 'D': 10000.0, 'n': 64000, 'n_funded': 32000}
FTMO 2-Step                        US100   P 0.280/0.279±0.009/0.277 cash    7216/   6970/   7543 EV   1414/  1339±176/  1478
FundingPips 2-Step Flex (80%)      USDJPY  P 0.259/0.251±0.009/0.265 cash    8168/   8205/   8155 EV   1614/  1559±306/  1661
FundingPips 2-Step Flex (80%)      EURUSD  P 0.219/0.218±0.012/0.212 cash    6890/   6656/   6803 EV   1011/   951±168/   944
FundingPips 2-Step Flex (95%)      USDJPY  P 0.259/0.252±0.010/0.263 cash    9314/   9060/   9918 EV   1910/  1783±202/  2113
FundingPips 2-Step Flex (95%)      EURUSD  P 0.219/0.217±0.012/0.212 cash    8193/   8028/   7927 EV   1297/  1243±193/  1179
FundedNext Stellar 2-Step          EURUSD  P 0.246/0.244±0.013/0.240 cash    6178/   6106/   5869 EV    969/   938±159/   860
FundedNext Stellar 2-Step          XAUUSD  P 0.301/0.311±0.010/0.301 cash    7046/   6486/   7098 EV   1573/  1467±212/  1586
The5ers High Stakes                US100   P 0.292/0.293±0.011/0.291 cash    7349/   7016/   7453 EV   1708/  1617±217/  1730
The5ers High Stakes Classic        US100   P 0.325/0.318±0.009/0.324 cash    7399/   7621/   7578 EV   1920/  1939±321/  1975
FXIFY Two Phase Classic (100%, 30  US100   P 0.295/0.290±0.010/0.296 cash    8924/   8656/   9209 EV   2079/  1963±327/  2175
FXIFY Two Phase Classic (100%, 30  USDJPY  P 0.275/0.276±0.009/0.273 cash    8355/   8403/   8161 EV   1752/  1773±318/  1679
FXIFY Two Phase Classic (80%)      US100   P 0.292/0.280±0.008/0.289 cash    7103/   6806/   7326 EV   1524/  1356±242/  1570
FXIFY Two Phase Classic (80%)      USDJPY  P 0.275/0.275±0.012/0.270 cash    6712/   6970/   6313 EV   1300/  1366±327/  1152
Fintokei ProTrader                 US100   P 0.304/0.306±0.010/0.302 cash    7441/   7113/   7519 EV   1716/  1629±263/  1719
Hola Prime 2-Step Prime (bi-weekly XAUUSD  P 0.301/0.301±0.008/0.298 cash    6947/   6712/   7026 EV   1494/  1420±205/  1496
Hola Prime 2-Step Prime (bi-weekly EURUSD  P 0.267/0.265±0.007/0.254 cash    6423/   6084/   5219 EV   1118/  1016±264/   727
Alpha Capital Pro 10%              US100   P 0.292/0.293±0.011/0.289 cash    7242/   6912/   7373 EV   1619/  1528±213/  1638
GFT 2-Step Standard                US100   P 0.294/0.291±0.012/0.291 cash    7153/   7011/   7519 EV   1582/  1515±179/  1667
GFT 2-Step Standard                USDJPY  P 0.275/0.271±0.008/0.272 cash    6491/   6437/   6626 EV   1263/  1219±66/  1278
FunderPro Classic                  US100   P 0.295/0.289±0.009/0.294 cash    7453/   7338/   7953 EV   1656/  1582±189/  1800
FunderPro Classic                  USDJPY  P 0.275/0.282±0.014/0.272 cash    7048/   7151/   6713 EV   1402/  1475±289/  1285
BrightFunded 2-Step Classic        US100   P 0.292/0.291±0.007/0.296 cash    7242/   6945/   7432 EV   1556/  1465±234/  1638
Blue Guardian 2-Step               US100   P 0.294/0.290±0.013/0.289 cash    6164/   6034/   6177 EV   1232/  1170±134/  1203
Maven 2-Step                       US100   P 0.276/0.274±0.010/0.271 cash    5363/   5107/   5302 EV   1039/   959±122/   997
